Component: ARM Compiler 5.05 update 1 (build 106) Tool: armlink [4d0efa]

==============================================================================

Section Cross References

    startup_lpc54606.o(STACK) refers (Special) to heapauxi.o(.text) for __use_two_region_memory
    startup_lpc54606.o(HEAP) refers (Special) to heapauxi.o(.text) for __use_two_region_memory
    startup_lpc54606.o(RESET) refers (Special) to heapauxi.o(.text) for __use_two_region_memory
    startup_lpc54606.o(RESET) refers to startup_lpc54606.o(STACK) for __initial_sp
    startup_lpc54606.o(RESET) refers to startup_lpc54606.o(.text) for Reset_Handler
    startup_lpc54606.o(RESET) refers to system_lpc54606.o(i.NMI_Handler) for NMI_Handler
    startup_lpc54606.o(RESET) refers to system_lpc54606.o(i.HardFault_Handler) for HardFault_Handler
    startup_lpc54606.o(.text) refers (Special) to heapauxi.o(.text) for __use_two_region_memory
    startup_lpc54606.o(.text) refers to system_lpc54606.o(i.SystemInit) for SystemInit
    startup_lpc54606.o(.text) refers to __main.o(!!!main) for __main
    startup_lpc54606.o(.text) refers to isr.o(i.DMA0_DriverIRQHandler) for DMA0_DriverIRQHandler
    startup_lpc54606.o(.text) refers to isr.o(i.GINT0_DriverIRQHandler) for GINT0_DriverIRQHandler
    startup_lpc54606.o(.text) refers to isr.o(i.MRT0_DriverIRQHandler) for MRT0_DriverIRQHandler
    startup_lpc54606.o(.text) refers to isr.o(i.FLEXCOMM0_DriverIRQHandler) for FLEXCOMM0_DriverIRQHandler
    startup_lpc54606.o(.text) refers to isr.o(i.FLEXCOMM5_DriverIRQHandler) for FLEXCOMM5_DriverIRQHandler
    startup_lpc54606.o(.text) refers to isr.o(i.PIN_INT7_DriverIRQHandler) for PIN_INT7_DriverIRQHandler
    startup_lpc54606.o(.text) refers to isr.o(i.RIT_DriverIRQHandler) for RIT_DriverIRQHandler
    startup_lpc54606.o(.text) refers to startup_lpc54606.o(HEAP) for Heap_Mem
    startup_lpc54606.o(.text) refers to startup_lpc54606.o(STACK) for Stack_Mem
    system_lpc54606.o(i.SystemInit) refers to lpc546xx_pll.o(i.pll_init) for pll_init
    system_lpc54606.o(i.SystemInit) refers to startup_lpc54606.o(RESET) for __Vectors
    lpc546xx_adc.o(i.adc_init) refers to lpc546xx_systick.o(i.systick_delay) for systick_delay
    lpc546xx_adc.o(i.adc_init) refers to lpc546xx_adc.o(i.adc_mux) for adc_mux
    lpc546xx_adc.o(i.adc_init) refers to lpc546xx_pll.o(.data) for main_clk_mhz
    lpc546xx_adc.o(i.adc_mux) refers to lpc546xx_iocon.o(i.iocon_init) for iocon_init
    lpc546xx_ctimer.o(i.ctimer_count_clean) refers to lpc546xx_ctimer.o(.data) for TIMERN
    lpc546xx_ctimer.o(i.ctimer_count_init) refers to lpc546xx_ctimer.o(i.ctimer_clock) for ctimer_clock
    lpc546xx_ctimer.o(i.ctimer_count_init) refers to lpc546xx_ctimer.o(i.ctimer_countmux) for ctimer_countmux
    lpc546xx_ctimer.o(i.ctimer_count_init) refers to lpc546xx_ctimer.o(.data) for TIMERN
    lpc546xx_ctimer.o(i.ctimer_count_read) refers to lpc546xx_ctimer.o(.data) for TIMERN
    lpc546xx_ctimer.o(i.ctimer_countmux) refers to lpc546xx_iocon.o(i.iocon_init) for iocon_init
    lpc546xx_ctimer.o(i.ctimer_pwm_duty) refers to llsdiv.o(.text) for __aeabi_ldivmod
    lpc546xx_ctimer.o(i.ctimer_pwm_duty) refers to lpc546xx_ctimer.o(.constdata) for duty_max
    lpc546xx_ctimer.o(i.ctimer_pwm_duty) refers to lpc546xx_ctimer.o(.data) for TIMERN
    lpc546xx_ctimer.o(i.ctimer_pwm_freq) refers to lpc546xx_pll.o(.data) for main_clk_mhz
    lpc546xx_ctimer.o(i.ctimer_pwm_freq) refers to lpc546xx_ctimer.o(.data) for TIMERN
    lpc546xx_ctimer.o(i.ctimer_pwm_freq) refers to lpc546xx_ctimer.o(.constdata) for period_ch
    lpc546xx_ctimer.o(i.ctimer_pwm_init) refers to lpc546xx_ctimer.o(i.ctimer_clock) for ctimer_clock
    lpc546xx_ctimer.o(i.ctimer_pwm_init) refers to lpc546xx_ctimer.o(i.ctimer_pwmmux) for ctimer_pwmmux
    lpc546xx_ctimer.o(i.ctimer_pwm_init) refers to llsdiv.o(.text) for __aeabi_ldivmod
    lpc546xx_ctimer.o(i.ctimer_pwm_init) refers to lpc546xx_pll.o(.data) for main_clk_mhz
    lpc546xx_ctimer.o(i.ctimer_pwm_init) refers to lpc546xx_ctimer.o(.constdata) for duty_max
    lpc546xx_ctimer.o(i.ctimer_pwm_init) refers to lpc546xx_ctimer.o(.data) for TIMERN
    lpc546xx_ctimer.o(i.ctimer_pwmmux) refers to lpc546xx_iocon.o(i.iocon_init) for iocon_init
    lpc546xx_dma.o(i.dam_init) refers to lpc546xx_gpio.o(i.gpio_init) for gpio_init
    lpc546xx_dma.o(i.dam_init) refers to lpc546xx_dma.o(.bss) for s_dma_descriptor_table
    lpc546xx_eeprom.o(i.eeprom_init) refers to lpc546xx_pll.o(.data) for main_clk_mhz
    lpc546xx_flexcomm.o(i.flexcomm_clk_enable) refers to lpc546xx_flexcomm.o(.data) for FLEXCOMMN
    lpc546xx_flexcomm.o(i.flexcomm_irq) refers to lpc546xx_flexcomm.o(i.NVIC_EnableIRQ) for NVIC_EnableIRQ
    lpc546xx_flexcomm.o(i.flexcomm_irq) refers to lpc546xx_flexcomm.o(i.NVIC_DisableIRQ) for NVIC_DisableIRQ
    lpc546xx_gint.o(i.gint_disable) refers to lpc546xx_gint.o(.data) for GINTN
    lpc546xx_gint.o(i.gint_enable) refers to lpc546xx_gint.o(.data) for GINTN
[...]
    ..\..\Libraries\drives\src\LPC546XX_ctimer.c 0x00000000   Number         0  lpc546xx_ctimer.o ABSOLUTE
    ..\..\Libraries\drives\src\LPC546XX_dma.c 0x00000000   Number         0  lpc546xx_dma.o ABSOLUTE
    ..\..\Libraries\drives\src\LPC546XX_eeprom.c 0x00000000   Number         0  lpc546xx_eeprom.o ABSOLUTE
    ..\..\Libraries\drives\src\LPC546XX_flexcomm.c 0x00000000   Number         0  lpc546xx_flexcomm.o ABSOLUTE
    ..\..\Libraries\drives\src\LPC546XX_gint.c 0x00000000   Number         0  lpc546xx_gint.o ABSOLUTE
    ..\..\Libraries\drives\src\LPC546XX_gpio.c 0x00000000   Number         0  lpc546xx_gpio.o ABSOLUTE
    ..\..\Libraries\drives\src\LPC546XX_iic.c 0x00000000   Number         0  lpc546xx_iic.o ABSOLUTE
    ..\..\Libraries\drives\src\LPC546XX_iocon.c 0x00000000   Number         0  lpc546xx_iocon.o ABSOLUTE
    ..\..\Libraries\drives\src\LPC546XX_mrt.c 0x00000000   Number         0  lpc546xx_mrt.o ABSOLUTE
    ..\..\Libraries\drives\src\LPC546XX_pint.c 0x00000000   Number         0  lpc546xx_pint.o ABSOLUTE
    ..\..\Libraries\drives\src\LPC546XX_pit.c 0x00000000   Number         0  lpc546xx_pit.o ABSOLUTE
    ..\..\Libraries\drives\src\LPC546XX_pll.c 0x00000000   Number         0  lpc546xx_pll.o ABSOLUTE
    ..\..\Libraries\drives\src\LPC546XX_sct.c 0x00000000   Number         0  lpc546xx_sct.o ABSOLUTE
    ..\..\Libraries\drives\src\LPC546XX_spi.c 0x00000000   Number         0  lpc546xx_spi.o ABSOLUTE
    ..\..\Libraries\drives\src\LPC546XX_systick.c 0x00000000   Number         0  lpc546xx_systick.o ABSOLUTE
    ..\..\Libraries\drives\src\LPC546XX_uart.c 0x00000000   Number         0  lpc546xx_uart.o ABSOLUTE
    ..\..\Libraries\seekfree\SEEKFREE_18TFT.c 0x00000000   Number         0  seekfree_18tft.o ABSOLUTE
    ..\..\Libraries\seekfree\SEEKFREE_7725.c 0x00000000   Number         0  seekfree_7725.o ABSOLUTE
    ..\..\Libraries\seekfree\SEEKFREE_FONT.c 0x00000000   Number         0  seekfree_font.o ABSOLUTE
    ..\..\Libraries\seekfree\SEEKFREE_FUN.c  0x00000000   Number         0  seekfree_fun.o ABSOLUTE
    ..\..\Libraries\seekfree\SEEKFREE_ICM20602.c 0x00000000   Number         0  seekfree_icm20602.o ABSOLUTE
    ..\..\Libraries\seekfree\SEEKFREE_IIC.c  0x00000000   Number         0  seekfree_iic.o ABSOLUTE
    ..\..\Libraries\seekfree\SEEKFREE_L3G4200D.c 0x00000000   Number         0  seekfree_l3g4200d.o ABSOLUTE
    ..\..\Libraries\seekfree\SEEKFREE_MMA8451.c 0x00000000   Number         0  seekfree_mma8451.o ABSOLUTE
    ..\..\Libraries\seekfree\SEEKFREE_MPU6050.c 0x00000000   Number         0  seekfree_mpu6050.o ABSOLUTE
    ..\..\Libraries\seekfree\SEEKFREE_MT9V032.c 0x00000000   Number         0  seekfree_mt9v032.o ABSOLUTE
    ..\..\Libraries\seekfree\SEEKFREE_NRF24L01.c 0x00000000   Number         0  seekfree_nrf24l01.o ABSOLUTE
    ..\..\Libraries\seekfree\SEEKFREE_OLED.c 0x00000000   Number         0  seekfree_oled.o ABSOLUTE
    ..\..\Libraries\seekfree\SEEKFREE_VIRSCO.c 0x00000000   Number         0  seekfree_virsco.o ABSOLUTE
    ..\..\Libraries\startup\DeviceSupport\MDK-ARM\startup_LPC54606.s 0x00000000   Number         0  startup_lpc54606.o ABSOLUTE
    ..\..\Libraries\startup\DeviceSupport\system_LPC54606.c 0x00000000   Number         0  system_lpc54606.o ABSOLUTE
    ..\CODE\Car_Control\Car_Control.c        0x00000000   Number         0  car_control.o ABSOLUTE
    ..\CODE\Encoder\Encoder.c                0x00000000   Number         0  encoder.o ABSOLUTE
    ..\CODE\Function\Function.c              0x00000000   Number         0  function.o ABSOLUTE
    ..\CODE\OTSU\OTSU.c                      0x00000000   Number         0  otsu.o ABSOLUTE
    ..\CODE\Picture_deal\Picture_deal.c      0x00000000   Number         0  picture_deal.o ABSOLUTE
    ..\CODE\Pid\Pid.c                        0x00000000   Number         0  pid.o ABSOLUTE
    ..\USER\src\isr.c                        0x00000000   Number         0  isr.o ABSOLUTE
    ..\USER\src\main.c                       0x00000000   Number         0  main.o ABSOLUTE
    ..\\..\\Libraries\\drives\\common\\SEEKFREE_PRINTF.c 0x00000000   Number         0  seekfree_printf.o ABSOLUTE
    ..\\..\\Libraries\\drives\\common\\assert.c 0x00000000   Number         0  assert.o ABSOLUTE
    ..\\..\\Libraries\\drives\\common\\common.c 0x00000000   Number         0  common.o ABSOLUTE
    ..\\..\\Libraries\\drives\\common\\misc.c 0x00000000   Number         0  misc.o ABSOLUTE
    ..\\..\\Libraries\\drives\\src\\LPC546XX_adc.c 0x00000000   Number         0  lpc546xx_adc.o ABSOLUTE
    ..\\..\\Libraries\\drives\\src\\LPC546XX_ctimer.c 0x00000000   Number         0  lpc546xx_ctimer.o ABSOLUTE
    ..\\..\\Libraries\\drives\\src\\LPC546XX_dma.c 0x00000000   Number         0  lpc546xx_dma.o ABSOLUTE
    ..\\..\\Libraries\\drives\\src\\LPC546XX_eeprom.c 0x00000000   Number         0  lpc546xx_eeprom.o ABSOLUTE
    ..\\..\\Libraries\\drives\\src\\LPC546XX_flexcomm.c 0x00000000   Number         0  lpc546xx_flexcomm.o ABSOLUTE
    ..\\..\\Libraries\\drives\\src\\LPC546XX_gint.c 0x00000000   Number         0  lpc546xx_gint.o ABSOLUTE
    ..\\..\\Libraries\\drives\\src\\LPC546XX_gpio.c 0x00000000   Number         0  lpc546xx_gpio.o ABSOLUTE
    ..\\..\\Libraries\\drives\\src\\LPC546XX_iic.c 0x00000000   Number         0  lpc546xx_iic.o ABSOLUTE
    ..\\..\\Libraries\\drives\\src\\LPC546XX_iocon.c 0x00000000   Number         0  lpc546xx_iocon.o ABSOLUTE
    ..\\..\\Libraries\\drives\\src\\LPC546XX_mrt.c 0x00000000   Number         0  lpc546xx_mrt.o ABSOLUTE
    ..\\..\\Libraries\\drives\\src\\LPC546XX_pint.c 0x00000000   Number         0  lpc546xx_pint.o ABSOLUTE
    ..\\..\\Libraries\\drives\\src\\LPC546XX_pit.c 0x00000000   Number         0  lpc546xx_pit.o ABSOLUTE
    ..\\..\\Libraries\\drives\\src\\LPC546XX_pll.c 0x00000000   Number         0  lpc546xx_pll.o ABSOLUTE
    ..\\..\\Libraries\\drives\\src\\LPC546XX_sct.c 0x00000000   Number         0  lpc546xx_sct.o ABSOLUTE
    ..\\..\\Libraries\\drives\\src\\LPC546XX_spi.c 0x00000000   Number         0  lpc546xx_spi.o ABSOLUTE
    ..\\..\\Libraries\\drives\\src\\LPC546XX_systick.c 0x00000000   Number         0  lpc546xx_systick.o ABSOLUTE
    ..\\..\\Libraries\\drives\\src\\LPC546XX_uart.c 0x00000000   Number         0  lpc546xx_uart.o ABSOLUTE
    ..\\..\\Libraries\\seekfree\\SEEKFREE_18TFT.c 0x00000000   Number         0  seekfree_18tft.o ABSOLUTE
    ..\\..\\Libraries\\seekfree\\SEEKFREE_7725.c 0x00000000   Number         0  seekfree_7725.o ABSOLUTE
    ..\\..\\Libraries\\seekfree\\SEEKFREE_FONT.c 0x00000000   Number         0  seekfree_font.o ABSOLUTE
    ..\\..\\Libraries\\seekfree\\SEEKFREE_FUN.c 0x00000000   Number         0  seekfree_fun.o ABSOLUTE
    ..\\..\\Libraries\\seekfree\\SEEKFREE_ICM20602.c 0x00000000   Number         0  seekfree_icm20602.o ABSOLUTE
    ..\\..\\Libraries\\seekfree\\SEEKFREE_IIC.c 0x00000000   Number         0  seekfree_iic.o ABSOLUTE
    ..\\..\\Libraries\\seekfree\\SEEKFREE_L3G4200D.c 0x00000000   Number         0  seekfree_l3g4200d.o ABSOLUTE
    ..\\..\\Libraries\\seekfree\\SEEKFREE_MMA8451.c 0x00000000   Number         0  seekfree_mma8451.o ABSOLUTE
    ..\\..\\Libraries\\seekfree\\SEEKFREE_MPU6050.c 0x00000000   Number         0  seekfree_mpu6050.o ABSOLUTE
    ..\\..\\Libraries\\seekfree\\SEEKFREE_MT9V032.c 0x00000000   Number         0  seekfree_mt9v032.o ABSOLUTE
    ..\\..\\Libraries\\seekfree\\SEEKFREE_NRF24L01.c 0x00000000   Number         0  seekfree_nrf24l01.o ABSOLUTE
    ..\\..\\Libraries\\seekfree\\SEEKFREE_OLED.c 0x00000000   Number         0  seekfree_oled.o ABSOLUTE
    ..\\..\\Libraries\\seekfree\\SEEKFREE_VIRSCO.c 0x00000000   Number         0  seekfree_virsco.o ABSOLUTE
    ..\\..\\Libraries\\startup\\DeviceSupport\\system_LPC54606.c 0x00000000   Number         0  system_lpc54606.o ABSOLUTE
    ..\\CODE\\Car_Control\\Car_Control.c     0x00000000   Number         0  car_control.o ABSOLUTE
    ..\\CODE\\Encoder\\Encoder.c             0x00000000   Number         0  encoder.o ABSOLUTE
    ..\\CODE\\Function\\Function.c           0x00000000   Number         0  function.o ABSOLUTE
    ..\\CODE\\OTSU\\OTSU.c                   0x00000000   Number         0  otsu.o ABSOLUTE
    ..\\CODE\\Picture_deal\\Picture_deal.c   0x00000000   Number         0  picture_deal.o ABSOLUTE
    ..\\CODE\\Pid\\Pid.c                     0x00000000   Number         0  pid.o ABSOLUTE
    ..\\USER\\src\\isr.c                     0x00000000   Number         0  isr.o ABSOLUTE
    ..\\USER\\src\\main.c                    0x00000000   Number         0  main.o ABSOLUTE
    dc.s                                     0x00000000   Number         0  dc.o ABSOLUTE
    !!!main                                  0x00000124   Section        8  __main.o(!!!main)
    !!!scatter                               0x0000012c   Section       52  __scatter.o(!!!scatter)
    !!dczerorl2                              0x00000160   Section       90  __dczerorl2.o(!!dczerorl2)
    !!handler_zi                             0x000001bc   Section       28  __scatter_zi.o(!!handler_zi)
    .ARM.Collect$$libinit$$00000000          0x000001d8   Section        2  libinit.o(.ARM.Collect$$libinit$$00000000)
    .ARM.Collect$$libinit$$00000001          0x000001da   Section        4  libinit2.o(.ARM.Collect$$libinit$$00000001)
    .ARM.Collect$$libinit$$00000004          0x000001de   Section        0  libinit2.o(.ARM.Collect$$libinit$$00000004)
    .ARM.Collect$$libinit$$0000000A          0x000001de   Section        0  libinit2.o(.ARM.Collect$$libinit$$0000000A)
    .ARM.Collect$$libinit$$0000000C          0x000001de   Section        0  libinit2.o(.ARM.Collect$$libinit$$0000000C)
    .ARM.Collect$$libinit$$0000000E          0x000001de   Section        0  libinit2.o(.ARM.Collect$$libinit$$0000000E)
    .ARM.Collect$$libinit$$00000011          0x000001de   Section        0  libinit2.o(.ARM.Collect$$libinit$$00000011)
    .ARM.Collect$$libinit$$00000013          0x000001de   Section        0  libinit2.o(.ARM.Collect$$libinit$$00000013)
    .ARM.Collect$$libinit$$00000015          0x000001de   Section        0  libinit2.o(.ARM.Collect$$libinit$$00000015)
    .ARM.Collect$$libinit$$00000017          0x000001de   Section        0  libinit2.o(.ARM.Collect$$libinit$$00000017)
    .ARM.Collect$$libinit$$00000019          0x000001de   Section        0  libinit2.o(.ARM.Collect$$libinit$$00000019)
    .ARM.Collect$$libinit$$0000001B          0x000001de   Section        0  libinit2.o(.ARM.Collect$$libinit$$0000001B)
    .ARM.Collect$$libinit$$0000001D          0x000001de   Section        0  libinit2.o(.ARM.Collect$$libinit$$0000001D)
    .ARM.Collect$$libinit$$0000001F          0x000001de   Section        0  libinit2.o(.ARM.Collect$$libinit$$0000001F)
    .ARM.Collect$$libinit$$00000021          0x000001de   Section        0  libinit2.o(.ARM.Collect$$libinit$$00000021)
    .ARM.Collect$$libinit$$00000023          0x000001de   Section        0  libinit2.o(.ARM.Collect$$libinit$$00000023)
    .ARM.Collect$$libinit$$00000025          0x000001de   Section        0  libinit2.o(.ARM.Collect$$libinit$$00000025)
    .ARM.Collect$$libinit$$0000002C          0x000001de   Section        0  libinit2.o(.ARM.Collect$$libinit$$0000002C)
    .ARM.Collect$$libinit$$0000002E          0x000001de   Section        0  libinit2.o(.ARM.Collect$$libinit$$0000002E)
    .ARM.Collect$$libinit$$00000030          0x000001de   Section        0  libinit2.o(.ARM.Collect$$libinit$$00000030)
    .ARM.Collect$$libinit$$00000032          0x000001de   Section        0  libinit2.o(.ARM.Collect$$libinit$$00000032)
    .ARM.Collect$$libinit$$00000033          0x000001de   Section        2  libinit2.o(.ARM.Collect$$libinit$$00000033)
    .ARM.Collect$$libshutdown$$00000000      0x000001e0   Section        2  libshutdown.o(.ARM.Collect$$libshutdown$$00000000)
    .ARM.Collect$$libshutdown$$00000003      0x000001e2   Section        0  libshutdown2.o(.ARM.Collect$$libshutdown$$00000003)
    .ARM.Collect$$libshutdown$$00000006      0x000001e2   Section        0  libshutdown2.o(.ARM.Collect$$libshutdown$$00000006)
    .ARM.Collect$$libshutdown$$00000009      0x000001e2   Section        0  libshutdown2.o(.ARM.Collect$$libshutdown$$00000009)
    .ARM.Collect$$libshutdown$$0000000B      0x000001e2   Section        0  libshutdown2.o(.ARM.Collect$$libshutdown$$0000000B)
    .ARM.Collect$$libshutdown$$0000000E      0x000001e2   Section        0  libshutdown2.o(.ARM.Collect$$libshutdown$$0000000E)
    .ARM.Collect$$libshutdown$$0000000F      0x000001e2   Section        2  libshutdown2.o(.ARM.Collect$$libshutdown$$0000000F)
    .ARM.Collect$$rtentry$$00000000          0x000001e4   Section        0  __rtentry.o(.ARM.Collect$$rtentry$$00000000)
    .ARM.Collect$$rtentry$$00000002          0x000001e4   Section        0  __rtentry2.o(.ARM.Collect$$rtentry$$00000002)
    .ARM.Collect$$rtentry$$00000004          0x000001e4   Section        6  __rtentry4.o(.ARM.Collect$$rtentry$$00000004)
    .ARM.Collect$$rtentry$$00000009          0x000001ea   Section        0  __rtentry2.o(.ARM.Collect$$rtentry$$00000009)
    .ARM.Collect$$rtentry$$0000000A          0x000001ea   Section        4  __rtentry2.o(.ARM.Collect$$rtentry$$0000000A)
    .ARM.Collect$$rtentry$$0000000C          0x000001ee   Section        0  __rtentry2.o(.ARM.Collect$$rtentry$$0000000C)
    .ARM.Collect$$rtentry$$0000000D          0x000001ee   Section        8  __rtentry2.o(.ARM.Collect$$rtentry$$0000000D)
    .ARM.Collect$$rtexit$$00000000           0x000001f6   Section        2  rtexit.o(.ARM.Collect$$rtexit$$00000000)
    .ARM.Collect$$rtexit$$00000002           0x000001f8   Section        0  rtexit2.o(.ARM.Collect$$rtexit$$00000002)
    .ARM.Collect$$rtexit$$00000003           0x000001f8   Section        4  rtexit2.o(.ARM.Collect$$rtexit$$00000003)
    .ARM.Collect$$rtexit$$00000004           0x000001fc   Section        6  rtexit2.o(.ARM.Collect$$rtexit$$00000004)
    .text                                    0x00000204   Section      520  startup_lpc54606.o(.text)
    $v0                                      0x00000204   Number         0  startup_lpc54606.o(.text)
    .text                                    0x0000040c   Section        0  heapauxi.o(.text)
    .text                                    0x00000412   Section        0  _rserrno.o(.text)
    .text                                    0x00000428   Section        8  rt_errno_addr_intlibspace.o(.text)
    .text                                    0x00000430   Section        8  libspace.o(.text)
    .text                                    0x00000438   Section       74  sys_stackheap_outer.o(.text)
    .text                                    0x00000482   Section        0  exit.o(.text)
    .text                                    0x00000490   Section        0  sys_exit.o(.text)
    .text                                    0x0000049c   Section        2  use_no_semi.o(.text)
    .text                                    0x0000049e   Section        0  indicate_semi.o(.text)
    i.Car_Control                            0x000004a0   Section        0  car_control.o(i.Car_Control)
    i.Coordinate_Filter                      0x000008b8   Section        0  picture_deal.o(i.Coordinate_Filter)
    i.DMA0_DriverIRQHandler                  0x0000092c   Section        0  isr.o(i.DMA0_DriverIRQHandler)
    i.Encoder_Init                           0x00000944   Section        0  encoder.o(i.Encoder_Init)
    i.FLEXCOMM0_DriverIRQHandler             0x00000994   Section        0  isr.o(i.FLEXCOMM0_DriverIRQHandler)
    i.FLEXCOMM5_DriverIRQHandler             0x000009cc   Section        0  isr.o(i.FLEXCOMM5_DriverIRQHandler)
    i.GINT0_DriverIRQHandler                 0x00000a0c   Section        0  isr.o(i.GINT0_DriverIRQHandler)
    i.HardFault_Handler                      0x00000a28   Section        0  system_lpc54606.o(i.HardFault_Handler)
    i.Judge_distance                         0x00000a2c   Section        0  picture_deal.o(i.Judge_distance)
    i.MRT0_DriverIRQHandler                  0x00000ac4   Section        0  isr.o(i.MRT0_DriverIRQHandler)
    i.M_divider                              0x00000c1c   Section        0  lpc546xx_pll.o(i.M_divider)
    i.McNamm_wheel_control                   0x00000c88   Section        0  car_control.o(i.McNamm_wheel_control)
    i.MyOSTU                                 0x00000d10   Section        0  otsu.o(i.MyOSTU)
    i.NMI_Handler                            0x00000e40   Section        0  system_lpc54606.o(i.NMI_Handler)
    i.NVIC_DisableIRQ                        0x00000e44   Section        0  lpc546xx_flexcomm.o(i.NVIC_DisableIRQ)
    NVIC_DisableIRQ                          0x00000e45   Thumb Code    18  lpc546xx_flexcomm.o(i.NVIC_DisableIRQ)
    i.NVIC_EnableIRQ                         0x00000e5c   Section        0  lpc546xx_flexcomm.o(i.NVIC_EnableIRQ)
    NVIC_EnableIRQ                           0x00000e5d   Thumb Code    22  lpc546xx_flexcomm.o(i.NVIC_EnableIRQ)
    i.NVIC_EnableIRQ                         0x00000e72   Section        0  seekfree_mt9v032.o(i.NVIC_EnableIRQ)
    NVIC_EnableIRQ                           0x00000e73   Thumb Code    22  seekfree_mt9v032.o(i.NVIC_EnableIRQ)
    i.NVIC_SetPriority                       0x00000e88   Section        0  seekfree_mt9v032.o(i.NVIC_SetPriority)
    NVIC_SetPriority                         0x00000e89   Thumb Code    32  seekfree_mt9v032.o(i.NVIC_SetPriority)
    i.N_divider                              0x00000eb0   Section        0  lpc546xx_pll.o(i.N_divider)
    i.PID_Control                            0x00000f20   Section        0  pid.o(i.PID_Control)
    i.PIN_INT7_DriverIRQHandler              0x00000ff4   Section        0  isr.o(i.PIN_INT7_DriverIRQHandler)
    i.P_divider                              0x00000ffc   Section        0  lpc546xx_pll.o(i.P_divider)
    i.PaiXu                                  0x00001060   Section        0  function.o(i.PaiXu)
    i.Pid_Init                               0x00001088   Section        0  pid.o(i.Pid_Init)
    i.RIT_DriverIRQHandler                   0x000011c4   Section        0  isr.o(i.RIT_DriverIRQHandler)
    i.Scan_Point                             0x000012b4   Section        0  picture_deal.o(i.Scan_Point)
    i.Speed_Conversion                       0x00001544   Section        0  car_control.o(i.Speed_Conversion)
    i.SystemInit                             0x0000160c   Section        0  system_lpc54606.o(i.SystemInit)
    i.__hardfp_sqrt                          0x00001700   Section        0  sqrt.o(i.__hardfp_sqrt)
    i.camera_init                            0x0000177c   Section        0  seekfree_mt9v032.o(i.camera_init)
    i.control                                0x00001868   Section        0  main.o(i.control)
    i.ctimer_clock                           0x00001920   Section        0  lpc546xx_ctimer.o(i.ctimer_clock)
    i.ctimer_count_clean                     0x00001998   Section        0  lpc546xx_ctimer.o(i.ctimer_count_clean)
    i.ctimer_count_init                      0x000019b4   Section        0  lpc546xx_ctimer.o(i.ctimer_count_init)
    i.ctimer_count_read                      0x00001a5c   Section        0  lpc546xx_ctimer.o(i.ctimer_count_read)
    i.ctimer_countmux                        0x00001a78   Section        0  lpc546xx_ctimer.o(i.ctimer_countmux)
    i.dam_init                               0x00001c08   Section        0  lpc546xx_dma.o(i.dam_init)
    i.dma_reload                             0x00001cf0   Section        0  seekfree_mt9v032.o(i.dma_reload)
    dma_reload                               0x00001cf1   Thumb Code    84  seekfree_mt9v032.o(i.dma_reload)
    i.dsp_single_colour                      0x00001d54   Section        0  seekfree_18tft.o(i.dsp_single_colour)
    i.findPllMMult                           0x00001d84   Section        0  lpc546xx_pll.o(i.findPllMMult)
    findPllMMult                             0x00001d85   Thumb Code    26  lpc546xx_pll.o(i.findPllMMult)
    i.findPllPostDiv                         0x00001d9e   Section        0  lpc546xx_pll.o(i.findPllPostDiv)
    findPllPostDiv                           0x00001d9f   Thumb Code    32  lpc546xx_pll.o(i.findPllPostDiv)
    i.findPllPreDiv                          0x00001dbe   Section        0  lpc546xx_pll.o(i.findPllPreDiv)
    findPllPreDiv                            0x00001dbf   Thumb Code    32  lpc546xx_pll.o(i.findPllPreDiv)
    i.flexcomm_clk_enable                    0x00001de0   Section        0  lpc546xx_flexcomm.o(i.flexcomm_clk_enable)
    i.flexcomm_get_clk                       0x00001eb0   Section        0  lpc546xx_flexcomm.o(i.flexcomm_get_clk)
    i.flexcomm_irq                           0x00001ebc   Section        0  lpc546xx_flexcomm.o(i.flexcomm_irq)
    i.get_clk                                0x00001ef4   Section        0  lpc546xx_pll.o(i.get_clk)
    i.get_config                             0x00001f50   Section        0  seekfree_mt9v032.o(i.get_config)
    i.gpio_get                               0x00001fbc   Section        0  lpc546xx_gpio.o(i.gpio_get)
    i.gpio_init                              0x00001fd4   Section        0  lpc546xx_gpio.o(i.gpio_init)
    i.gpio_set                               0x0000209c   Section        0  lpc546xx_gpio.o(i.gpio_set)
    i.gpio_toggle                            0x000020cc   Section        0  lpc546xx_gpio.o(i.gpio_toggle)
    i.iocon_init                             0x000020e4   Section        0  lpc546xx_iocon.o(i.iocon_init)
    i.lcd_init                               0x00002110   Section        0  seekfree_18tft.o(i.lcd_init)
    i.lcd_setregion                          0x000023bc   Section        0  seekfree_18tft.o(i.lcd_setregion)
    i.lcd_writeData                          0x00002416   Section        0  seekfree_18tft.o(i.lcd_writeData)
    i.lcd_writeIndex                         0x00002436   Section        0  seekfree_18tft.o(i.lcd_writeIndex)
    i.lcd_writedata_16bit                    0x00002456   Section        0  seekfree_18tft.o(i.lcd_writedata_16bit)
    i.limit_s16                              0x00002484   Section        0  function.o(i.limit_s16)
    i.main                                   0x00002494   Section        0  main.o(i.main)
    i.mt9v032_cof_uart_interrupt             0x00002528   Section        0  seekfree_mt9v032.o(i.mt9v032_cof_uart_interrupt)
    i.mt9v032_dma                            0x00002578   Section        0  seekfree_mt9v032.o(i.mt9v032_dma)
    i.mt9v032_vsync                          0x000025d4   Section        0  seekfree_mt9v032.o(i.mt9v032_vsync)
    i.myabs                                  0x0000262c   Section        0  seekfree_fun.o(i.myabs)
    i.pint_init                              0x0000263c   Section        0  lpc546xx_pint.o(i.pint_init)
    i.pit_init                               0x00002738   Section        0  lpc546xx_pit.o(i.pit_init)
    i.pllDecodeM                             0x00002774   Section        0  lpc546xx_pll.o(i.pllDecodeM)
    pllDecodeM                               0x00002775   Thumb Code    90  lpc546xx_pll.o(i.pllDecodeM)
    i.pllDecodeN                             0x000027ce   Section        0  lpc546xx_pll.o(i.pllDecodeN)
    pllDecodeN                               0x000027cf   Thumb Code    92  lpc546xx_pll.o(i.pllDecodeN)
    i.pllDecodeP                             0x0000282a   Section        0  lpc546xx_pll.o(i.pllDecodeP)
    pllDecodeP                               0x0000282b   Thumb Code    78  lpc546xx_pll.o(i.pllDecodeP)
    i.pll_init                               0x00002878   Section        0  lpc546xx_pll.o(i.pll_init)
    i.pwm_init                               0x00002900   Section        0  main.o(i.pwm_init)
    i.sct_camera_dma                         0x00002954   Section        0  lpc546xx_sct.o(i.sct_camera_dma)
    i.sct_input_mux                          0x000029f8   Section        0  lpc546xx_sct.o(i.sct_input_mux)
    i.sct_pwm_duty                           0x00002bcc   Section        0  lpc546xx_sct.o(i.sct_pwm_duty)
    i.sct_pwm_init                           0x00002c3c   Section        0  lpc546xx_sct.o(i.sct_pwm_init)
    i.sct_pwm_mux                            0x00002dd4   Section        0  lpc546xx_sct.o(i.sct_pwm_mux)
    i.sct_restart                            0x00002fa0   Section        0  lpc546xx_sct.o(i.sct_restart)
    i.sct_start                              0x00002fc8   Section        0  lpc546xx_sct.o(i.sct_start)
    i.speed_get                              0x00002fe4   Section        0  encoder.o(i.speed_get)
    i.spi_init                               0x000030a0   Section        0  lpc546xx_spi.o(i.spi_init)
    i.spi_mosi                               0x00003168   Section        0  lpc546xx_spi.o(i.spi_mosi)
    i.spi_mux                                0x0000329c   Section        0  lpc546xx_spi.o(i.spi_mux)
    i.systick_delay                          0x0000379a   Section        0  lpc546xx_systick.o(i.systick_delay)
    i.systick_delay_ms                       0x000037c8   Section        0  lpc546xx_systick.o(i.systick_delay_ms)
    i.uart_init                              0x000037ec   Section        0  lpc546xx_uart.o(i.uart_init)
    i.uart_mux                               0x000038fc   Section        0  lpc546xx_uart.o(i.uart_mux)
    i.uart_putbuff                           0x00003b24   Section        0  lpc546xx_uart.o(i.uart_putbuff)
    i.uart_putchar                           0x00003b44   Section        0  lpc546xx_uart.o(i.uart_putchar)
    i.uart_query                             0x00003b68   Section        0  lpc546xx_uart.o(i.uart_query)
    i.uart_rx_irq                            0x00003b94   Section        0  lpc546xx_uart.o(i.uart_rx_irq)
    i.write_syspllctrl                       0x00003c0c   Section        0  lpc546xx_pll.o(i.write_syspllctrl)
    x$fpl$d2f                                0x00003c88   Section       98  d2f.o(x$fpl$d2f)
    $v0                                      0x00003c88   Number         0  d2f.o(x$fpl$d2f)
    x$fpl$dfixu                              0x00003cec   Section       90  dfixu.o(x$fpl$dfixu)
    $v0                                      0x00003cec   Number         0  dfixu.o(x$fpl$dfixu)
    x$fpl$dflt                               0x00003d46   Section       46  dflt_clz.o(x$fpl$dflt)
    $v0                                      0x00003d46   Number         0  dflt_clz.o(x$fpl$dflt)
    x$fpl$dfltu                              0x00003d74   Section       38  dflt_clz.o(x$fpl$dfltu)
    $v0                                      0x00003d74   Number         0  dflt_clz.o(x$fpl$dfltu)
    x$fpl$dmul                               0x00003d9c   Section      340  dmul.o(x$fpl$dmul)
    $v0                                      0x00003d9c   Number         0  dmul.o(x$fpl$dmul)
    x$fpl$dnaninf                            0x00003ef0   Section      156  dnaninf.o(x$fpl$dnaninf)
    $v0                                      0x00003ef0   Number         0  dnaninf.o(x$fpl$dnaninf)
    x$fpl$dretinf                            0x00003f8c   Section       12  dretinf.o(x$fpl$dretinf)
    $v0                                      0x00003f8c   Number         0  dretinf.o(x$fpl$dretinf)
    x$fpl$dsqrt                              0x00003f98   Section      408  dsqrt_umaal.o(x$fpl$dsqrt)
    $v0                                      0x00003f98   Number         0  dsqrt_umaal.o(x$fpl$dsqrt)
    x$fpl$fpinit                             0x00004130   Section       10  fpinit.o(x$fpl$fpinit)
    $v0                                      0x00004130   Number         0  fpinit.o(x$fpl$fpinit)
    x$fpl$fretinf                            0x0000413a   Section       10  fretinf.o(x$fpl$fretinf)
    $v0                                      0x0000413a   Number         0  fretinf.o(x$fpl$fretinf)
    .constdata                               0x00004144   Section       40  lpc546xx_sct.o(.constdata)
    x$fpl$usenofp                            0x00004144   Section        0  usenofp.o(x$fpl$usenofp)
    .data                                    0x20000000   Section       20  lpc546xx_ctimer.o(.data)
    .data                                    0x20000014   Section       40  lpc546xx_flexcomm.o(.data)
    .data                                    0x2000003c   Section        2  lpc546xx_pll.o(.data)
    .data                                    0x20000040   Section       40  lpc546xx_spi.o(.data)
    .data                                    0x20000068   Section       40  lpc546xx_uart.o(.data)
    .data                                    0x20000090   Section        4  isr.o(.data)
    i                                        0x20000090   Data           4  isr.o(.data)
    .data                                    0x20000094   Section       22  main.o(.data)
    .data                                    0x200000aa   Section       77  seekfree_mt9v032.o(.data)
    .data                                    0x200000f8   Section       12  picture_deal.o(.data)
    delay_flag                               0x20000100   Data           1  picture_deal.o(.data)
    beacon_maybe_blocked                     0x20000102   Data           2  picture_deal.o(.data)
    .data                                    0x20000104   Section        8  encoder.o(.data)
    .data                                    0x2000010c   Section       32  pid.o(.data)
    midpoint_err                             0x20000124   Data           4  pid.o(.data)
    lastpoint_err                            0x20000128   Data           4  pid.o(.data)
    .data                                    0x2000012c   Section       30  car_control.o(.data)
    .bss                                     0x20000200   Section      480  lpc546xx_dma.o(.bss)
    .bss                                     0x200003e0   Section     7680  seekfree_mt9v032.o(.bss)
    .bss                                     0x200021e0   Section     1024  otsu.o(.bss)
    .bss                                     0x200025e0   Section      610  picture_deal.o(.bss)
    Data                                     0x20002830   Data          18  picture_deal.o(.bss)
    .bss                                     0x20002844   Section      112  pid.o(.bss)
    .bss                                     0x200028b4   Section       96  libspace.o(.bss)
    HEAP                                     0x20002918   Section     4096  startup_lpc54606.o(HEAP)
    Heap_Mem                                 0x20002918   Data        4096  startup_lpc54606.o(HEAP)
    STACK                                    0x20003918   Section     8192  startup_lpc54606.o(STACK)
    Stack_Mem                                0x20003918   Data        8192  startup_lpc54606.o(STACK)
    __initial_sp                             0x20005918   Data           0  startup_lpc54606.o(STACK)

    Global Symbols

    Symbol Name                              Value     Ov Type        Size  Object(Section)

    BuildAttributes$$THM_ISAv4$E$P$D$K$B$S$7EM$VFPi3$EXTD16$VFPS$VFMA$PE$A:L22UL41UL21$X:L11$S22US41US21$IEEE1$IW$USESV6$~STKCKD$USESV7$~SHL$OTIME$ROPI$IEEEJ$EBA8$UX$STANDARDLIB$REQ8$PRES8$EABIv2 0x00000000   Number         0  anon$$obj.o ABSOLUTE
    __ARM_use_no_argv                        0x00000000   Number         0  main.o ABSOLUTE
    __Vectors                                0x00000000   Data           4  startup_lpc54606.o(RESET)
    _printf_flags                            0x00000000   Number         0  printf_stubs.o ABSOLUTE
    _printf_return_value                     0x00000000   Number         0  printf_stubs.o ABSOLUTE
    _printf_sizespec                         0x00000000   Number         0  printf_stubs.o ABSOLUTE
    _printf_widthprec                        0x00000000   Number         0  printf_stubs.o ABSOLUTE
    __ARM_exceptions_init                     - Undefined Weak Reference
    __alloca_initialize                       - Undefined Weak Reference
    __arm_preinit_                            - Undefined Weak Reference
    __cpp_initialize__aeabi_                  - Undefined Weak Reference
    __cxa_finalize                            - Undefined Weak Reference
    __sigvec_lookup                           - Undefined Weak Reference
    _atexit_init                              - Undefined Weak Reference
    _call_atexit_fns                          - Undefined Weak Reference
    _clock_init                               - Undefined Weak Reference
    _fp_trap_init                             - Undefined Weak Reference
    _fp_trap_shutdown                         - Undefined Weak Reference
    _get_lc_collate                           - Undefined Weak Reference
    _get_lc_ctype                             - Undefined Weak Reference
    _get_lc_monetary                          - Undefined Weak Reference
    _get_lc_time                              - Undefined Weak Reference
    _getenv_init                              - Undefined Weak Reference
    _handle_redirection                       - Undefined Weak Reference
    _init_alloc                               - Undefined Weak Reference
    _init_user_alloc                          - Undefined Weak Reference
    _initio                                   - Undefined Weak Reference
    _printf_post_padding                      - Undefined Weak Reference
    _printf_pre_padding                       - Undefined Weak Reference
    _printf_truncate_signed                   - Undefined Weak Reference
    _printf_truncate_unsigned                 - Undefined Weak Reference
    _rand_init                                - Undefined Weak Reference
    _signal_finish                            - Undefined Weak Reference
    _signal_init                              - Undefined Weak Reference
    _terminate_alloc                          - Undefined Weak Reference
    _terminate_user_alloc                     - Undefined Weak Reference
    _terminateio                              - Undefined Weak Reference
    __main                                   0x00000125   Thumb Code     8  __main.o(!!!main)
    __scatterload                            0x0000012d   Thumb Code     0  __scatter.o(!!!scatter)
    __scatterload_rt2                        0x0000012d   Thumb Code    44  __scatter.o(!!!scatter)
    __scatterload_rt2_thumb_only             0x0000012d   Thumb Code     0  __scatter.o(!!!scatter)
    __scatterload_null                       0x0000013b   Thumb Code     0  __scatter.o(!!!scatter)
    __decompress                             0x00000161   Thumb Code    90  __dczerorl2.o(!!dczerorl2)
    __decompress1                            0x00000161   Thumb Code     0  __dczerorl2.o(!!dczerorl2)
    __scatterload_zeroinit                   0x000001bd   Thumb Code    28  __scatter_zi.o(!!handler_zi)
    __rt_lib_init                            0x000001d9   Thumb Code     0  libinit.o(.ARM.Collect$$libinit$$00000000)
    __rt_lib_init_fp_1                       0x000001db   Thumb Code     0  libinit2.o(.ARM.Collect$$libinit$$00000001)
    __rt_lib_init_alloca_1                   0x000001df   Thumb Code     0  libinit2.o(.ARM.Collect$$libinit$$0000002E)
    __rt_lib_init_argv_1                     0x000001df   Thumb Code     0  libinit2.o(.ARM.Collect$$libinit$$0000002C)
    __rt_lib_init_atexit_1                   0x000001df   Thumb Code     0  libinit2.o(.ARM.Collect$$libinit$$0000001B)
    __rt_lib_init_clock_1                    0x000001df   Thumb Code     0  libinit2.o(.ARM.Collect$$libinit$$00000021)
    __rt_lib_init_cpp_1                      0x000001df   Thumb Code     0  libinit2.o(.ARM.Collect$$libinit$$00000032)
    __rt_lib_init_exceptions_1               0x000001df   Thumb Code     0  libinit2.o(.ARM.Collect$$libinit$$00000030)
    __rt_lib_init_fp_trap_1                  0x000001df   Thumb Code     0  libinit2.o(.ARM.Collect$$libinit$$0000001F)
    __rt_lib_init_getenv_1                   0x000001df   Thumb Code     0  libinit2.o(.ARM.Collect$$libinit$$00000023)
    __rt_lib_init_heap_1                     0x000001df   Thumb Code     0  libinit2.o(.ARM.Collect$$libinit$$0000000A)
    __rt_lib_init_lc_collate_1               0x000001df   Thumb Code     0  libinit2.o(.ARM.Collect$$libinit$$00000011)
    __rt_lib_init_lc_ctype_1                 0x000001df   Thumb Code     0  libinit2.o(.ARM.Collect$$libinit$$00000013)
    __rt_lib_init_lc_monetary_1              0x000001df   Thumb Code     0  libinit2.o(.ARM.Collect$$libinit$$00000015)
    __rt_lib_init_lc_numeric_1               0x000001df   Thumb Code     0  libinit2.o(.ARM.Collect$$libinit$$00000017)
    __rt_lib_init_lc_time_1                  0x000001df   Thumb Code     0  libinit2.o(.ARM.Collect$$libinit$$00000019)
    __rt_lib_init_preinit_1                  0x000001df   Thumb Code     0  libinit2.o(.ARM.Collect$$libinit$$00000004)
    __rt_lib_init_rand_1                     0x000001df   Thumb Code     0  libinit2.o(.ARM.Collect$$libinit$$0000000E)
    __rt_lib_init_return                     0x000001df   Thumb Code     0  libinit2.o(.ARM.Collect$$libinit$$00000033)
    __rt_lib_init_signal_1                   0x000001df   Thumb Code     0  libinit2.o(.ARM.Collect$$libinit$$0000001D)
    __rt_lib_init_stdio_1                    0x000001df   Thumb Code     0  libinit2.o(.ARM.Collect$$libinit$$00000025)
    __rt_lib_init_user_alloc_1               0x000001df   Thumb Code     0  libinit2.o(.ARM.Collect$$libinit$$0000000C)
    __rt_lib_shutdown                        0x000001e1   Thumb Code     0  libshutdown.o(.ARM.Collect$$libshutdown$$00000000)
    __rt_lib_shutdown_fp_trap_1              0x000001e3   Thumb Code     0  libshutdown2.o(.ARM.Collect$$libshutdown$$00000006)
    __rt_lib_shutdown_heap_1                 0x000001e3   Thumb Code     0  libshutdown2.o(.ARM.Collect$$libshutdown$$0000000E)
    __rt_lib_shutdown_return                 0x000001e3   Thumb Code     0  libshutdown2.o(.ARM.Collect$$libshutdown$$0000000F)
    __rt_lib_shutdown_signal_1               0x000001e3   Thumb Code     0  libshutdown2.o(.ARM.Collect$$libshutdown$$00000009)
    __rt_lib_shutdown_stdio_1                0x000001e3   Thumb Code     0  libshutdown2.o(.ARM.Collect$$libshutdown$$00000003)
    __rt_lib_shutdown_user_alloc_1           0x000001e3   Thumb Code     0  libshutdown2.o(.ARM.Collect$$libshutdown$$0000000B)
    __rt_entry                               0x000001e5   Thumb Code     0  __rtentry.o(.ARM.Collect$$rtentry$$00000000)
    __rt_entry_presh_1                       0x000001e5   Thumb Code     0  __rtentry2.o(.ARM.Collect$$rtentry$$00000002)
    __rt_entry_sh                            0x000001e5   Thumb Code     0  __rtentry4.o(.ARM.Collect$$rtentry$$00000004)
    __rt_entry_li                            0x000001eb   Thumb Code     0  __rtentry2.o(.ARM.Collect$$rtentry$$0000000A)
    __rt_entry_postsh_1                      0x000001eb   Thumb Code     0  __rtentry2.o(.ARM.Collect$$rtentry$$00000009)
    __rt_entry_main                          0x000001ef   Thumb Code     0  __rtentry2.o(.ARM.Collect$$rtentry$$0000000D)
    __rt_entry_postli_1                      0x000001ef   Thumb Code     0  __rtentry2.o(.ARM.Collect$$rtentry$$0000000C)
    __rt_exit                                0x000001f7   Thumb Code     0  rtexit.o(.ARM.Collect$$rtexit$$00000000)
    __rt_exit_ls                             0x000001f9   Thumb Code     0  rtexit2.o(.ARM.Collect$$rtexit$$00000003)
    __rt_exit_prels_1                        0x000001f9   Thumb Code     0  rtexit2.o(.ARM.Collect$$rtexit$$00000002)
    __rt_exit_exit                           0x000001fd   Thumb Code     0  rtexit2.o(.ARM.Collect$$rtexit$$00000004)
    Reset_Handler                            0x00000205   Thumb Code     8  startup_lpc54606.o(.text)
    MemManage_Handler                        0x00000211   Thumb Code     2  startup_lpc54606.o(.text)
    BusFault_Handler                         0x00000213   Thumb Code     2  startup_lpc54606.o(.text)
    UsageFault_Handler                       0x00000215   Thumb Code     2  startup_lpc54606.o(.text)
    SVC_Handler                              0x00000217   Thumb Code     2  startup_lpc54606.o(.text)
    DebugMon_Handler                         0x00000219   Thumb Code     2  startup_lpc54606.o(.text)
    PendSV_Handler                           0x0000021b   Thumb Code     2  startup_lpc54606.o(.text)
    SysTick_Handler                          0x0000021d   Thumb Code     2  startup_lpc54606.o(.text)
    WDT_BOD_IRQHandler                       0x0000021f   Thumb Code     4  startup_lpc54606.o(.text)
    DMA0_IRQHandler                          0x00000223   Thumb Code     4  startup_lpc54606.o(.text)
    GINT0_IRQHandler                         0x00000227   Thumb Code     4  startup_lpc54606.o(.text)
    GINT1_IRQHandler                         0x0000022b   Thumb Code     4  startup_lpc54606.o(.text)
    PIN_INT0_IRQHandler                      0x0000022f   Thumb Code     4  startup_lpc54606.o(.text)
    PIN_INT1_IRQHandler                      0x00000233   Thumb Code     4  startup_lpc54606.o(.text)
    PIN_INT2_IRQHandler                      0x00000237   Thumb Code     4  startup_lpc54606.o(.text)
    PIN_INT3_IRQHandler                      0x0000023b   Thumb Code     4  startup_lpc54606.o(.text)
    UTICK0_IRQHandler                        0x0000023f   Thumb Code     4  startup_lpc54606.o(.text)
    MRT0_IRQHandler                          0x00000243   Thumb Code     4  startup_lpc54606.o(.text)
    CTIMER0_IRQHandler                       0x00000247   Thumb Code     4  startup_lpc54606.o(.text)
    CTIMER1_IRQHandler                       0x0000024b   Thumb Code     4  startup_lpc54606.o(.text)
    SCT0_IRQHandler                          0x0000024f   Thumb Code     4  startup_lpc54606.o(.text)
    CTIMER3_IRQHandler                       0x00000253   Thumb Code     4  startup_lpc54606.o(.text)
    FLEXCOMM0_IRQHandler                     0x00000257   Thumb Code     4  startup_lpc54606.o(.text)
    FLEXCOMM1_IRQHandler                     0x0000025b   Thumb Code     4  startup_lpc54606.o(.text)
    FLEXCOMM2_IRQHandler                     0x0000025f   Thumb Code     4  startup_lpc54606.o(.text)
    FLEXCOMM3_IRQHandler                     0x00000263   Thumb Code     4  startup_lpc54606.o(.text)
    FLEXCOMM4_IRQHandler                     0x00000267   Thumb Code     4  startup_lpc54606.o(.text)
    FLEXCOMM5_IRQHandler                     0x0000026b   Thumb Code     4  startup_lpc54606.o(.text)
    FLEXCOMM6_IRQHandler                     0x0000026f   Thumb Code     4  startup_lpc54606.o(.text)
    FLEXCOMM7_IRQHandler                     0x00000273   Thumb Code     4  startup_lpc54606.o(.text)
    ADC0_SEQA_IRQHandler                     0x00000277   Thumb Code     4  startup_lpc54606.o(.text)
    ADC0_SEQB_IRQHandler                     0x0000027b   Thumb Code     4  startup_lpc54606.o(.text)
    ADC0_THCMP_IRQHandler                    0x0000027f   Thumb Code     4  startup_lpc54606.o(.text)
    DMIC0_IRQHandler                         0x00000283   Thumb Code     4  startup_lpc54606.o(.text)
    HWVAD0_IRQHandler                        0x00000287   Thumb Code     4  startup_lpc54606.o(.text)
    USB0_NEEDCLK_IRQHandler                  0x0000028b   Thumb Code     4  startup_lpc54606.o(.text)
    USB0_IRQHandler                          0x0000028f   Thumb Code     4  startup_lpc54606.o(.text)
    RTC_IRQHandler                           0x00000293   Thumb Code     4  startup_lpc54606.o(.text)
    Reserved46_IRQHandler                    0x00000297   Thumb Code     4  startup_lpc54606.o(.text)
    Reserved47_IRQHandler                    0x0000029b   Thumb Code     4  startup_lpc54606.o(.text)
    PIN_INT4_IRQHandler                      0x0000029f   Thumb Code     4  startup_lpc54606.o(.text)
    PIN_INT5_IRQHandler                      0x000002a3   Thumb Code     4  startup_lpc54606.o(.text)
    PIN_INT6_IRQHandler                      0x000002a7   Thumb Code     4  startup_lpc54606.o(.text)
    PIN_INT7_IRQHandler                      0x000002ab   Thumb Code     4  startup_lpc54606.o(.text)
    CTIMER2_IRQHandler                       0x000002af   Thumb Code     4  startup_lpc54606.o(.text)
    CTIMER4_IRQHandler                       0x000002b3   Thumb Code     4  startup_lpc54606.o(.text)
    RIT_IRQHandler                           0x000002b7   Thumb Code     4  startup_lpc54606.o(.text)
    SPIFI0_IRQHandler                        0x000002bb   Thumb Code     4  startup_lpc54606.o(.text)
    FLEXCOMM8_IRQHandler                     0x000002bf   Thumb Code     4  startup_lpc54606.o(.text)
    FLEXCOMM9_IRQHandler                     0x000002c3   Thumb Code     4  startup_lpc54606.o(.text)
    SDIO_IRQHandler                          0x000002c7   Thumb Code     4  startup_lpc54606.o(.text)
    CAN0_IRQ0_IRQHandler                     0x000002cb   Thumb Code     4  startup_lpc54606.o(.text)
    CAN0_IRQ1_IRQHandler                     0x000002cf   Thumb Code     4  startup_lpc54606.o(.text)
    CAN1_IRQ0_IRQHandler                     0x000002d3   Thumb Code     4  startup_lpc54606.o(.text)
    CAN1_IRQ1_IRQHandler                     0x000002d7   Thumb Code     4  startup_lpc54606.o(.text)
    USB1_IRQHandler                          0x000002db   Thumb Code     4  startup_lpc54606.o(.text)
    USB1_NEEDCLK_IRQHandler                  0x000002df   Thumb Code     4  startup_lpc54606.o(.text)
    ETHERNET_IRQHandler                      0x000002e3   Thumb Code     4  startup_lpc54606.o(.text)
    ETHERNET_PMT_IRQHandler                  0x000002e7   Thumb Code     4  startup_lpc54606.o(.text)
    ETHERNET_MACLP_IRQHandler                0x000002eb   Thumb Code     4  startup_lpc54606.o(.text)
    EEPROM_IRQHandler                        0x000002ef   Thumb Code     4  startup_lpc54606.o(.text)
    LCD_IRQHandler                           0x000002f3   Thumb Code     4  startup_lpc54606.o(.text)
    SHA_IRQHandler                           0x000002f7   Thumb Code     4  startup_lpc54606.o(.text)
    SMARTCARD0_IRQHandler                    0x000002fb   Thumb Code     4  startup_lpc54606.o(.text)
    SMARTCARD1_IRQHandler                    0x000002ff   Thumb Code     4  startup_lpc54606.o(.text)
    ADC0_SEQA_DriverIRQHandler               0x00000303   Thumb Code     0  startup_lpc54606.o(.text)
    ADC0_SEQB_DriverIRQHandler               0x00000303   Thumb Code     0  startup_lpc54606.o(.text)
    ADC0_THCMP_DriverIRQHandler              0x00000303   Thumb Code     0  startup_lpc54606.o(.text)
    CAN0_IRQ0_DriverIRQHandler               0x00000303   Thumb Code     0  startup_lpc54606.o(.text)
    CAN0_IRQ1_DriverIRQHandler               0x00000303   Thumb Code     0  startup_lpc54606.o(.text)
    CAN1_IRQ0_DriverIRQHandler               0x00000303   Thumb Code     0  startup_lpc54606.o(.text)
    CAN1_IRQ1_DriverIRQHandler               0x00000303   Thumb Code     0  startup_lpc54606.o(.text)
    CTIMER0_DriverIRQHandler                 0x00000303   Thumb Code     0  startup_lpc54606.o(.text)
    CTIMER1_DriverIRQHandler                 0x00000303   Thumb Code     0  startup_lpc54606.o(.text)
    CTIMER2_DriverIRQHandler                 0x00000303   Thumb Code     0  startup_lpc54606.o(.text)
    CTIMER3_DriverIRQHandler                 0x00000303   Thumb Code     0  startup_lpc54606.o(.text)
    CTIMER4_DriverIRQHandler                 0x00000303   Thumb Code     0  startup_lpc54606.o(.text)
    DMIC0_DriverIRQHandler                   0x00000303   Thumb Code     0  startup_lpc54606.o(.text)
    EEPROM_DriverIRQHandler                  0x00000303   Thumb Code     0  startup_lpc54606.o(.text)
    ETHERNET_DriverIRQHandler                0x00000303   Thumb Code     0  startup_lpc54606.o(.text)
    ETHERNET_MACLP_DriverIRQHandler          0x00000303   Thumb Code     0  startup_lpc54606.o(.text)
    ETHERNET_PMT_DriverIRQHandler            0x00000303   Thumb Code     0  startup_lpc54606.o(.text)
    FLEXCOMM1_DriverIRQHandler               0x00000303   Thumb Code     0  startup_lpc54606.o(.text)
    FLEXCOMM2_DriverIRQHandler               0x00000303   Thumb Code     0  startup_lpc54606.o(.text)
    FLEXCOMM3_DriverIRQHandler               0x00000303   Thumb Code     0  startup_lpc54606.o(.text)
    FLEXCOMM4_DriverIRQHandler               0x00000303   Thumb Code     0  startup_lpc54606.o(.text)
    FLEXCOMM6_DriverIRQHandler               0x00000303   Thumb Code     0  startup_lpc54606.o(.text)
    FLEXCOMM7_DriverIRQHandler               0x00000303   Thumb Code     0  startup_lpc54606.o(.text)
    FLEXCOMM8_DriverIRQHandler               0x00000303   Thumb Code     0  startup_lpc54606.o(.text)
    FLEXCOMM9_DriverIRQHandler               0x00000303   Thumb Code     0  startup_lpc54606.o(.text)
    GINT1_DriverIRQHandler                   0x00000303   Thumb Code     0  startup_lpc54606.o(.text)
    HWVAD0_DriverIRQHandler                  0x00000303   Thumb Code     0  startup_lpc54606.o(.text)
    LCD_DriverIRQHandler                     0x00000303   Thumb Code     0  startup_lpc54606.o(.text)
    PIN_INT0_DriverIRQHandler                0x00000303   Thumb Code     0  startup_lpc54606.o(.text)
    PIN_INT1_DriverIRQHandler                0x00000303   Thumb Code     0  startup_lpc54606.o(.text)
    PIN_INT2_DriverIRQHandler                0x00000303   Thumb Code     0  startup_lpc54606.o(.text)
    PIN_INT3_DriverIRQHandler                0x00000303   Thumb Code     0  startup_lpc54606.o(.text)
    PIN_INT4_DriverIRQHandler                0x00000303   Thumb Code     0  startup_lpc54606.o(.text)
    PIN_INT5_DriverIRQHandler                0x00000303   Thumb Code     0  startup_lpc54606.o(.text)
    PIN_INT6_DriverIRQHandler                0x00000303   Thumb Code     0  startup_lpc54606.o(.text)
    RTC_DriverIRQHandler                     0x00000303   Thumb Code     0  startup_lpc54606.o(.text)
    Reserved46_DriverIRQHandler              0x00000303   Thumb Code     0  startup_lpc54606.o(.text)
    Reserved47_DriverIRQHandler              0x00000303   Thumb Code     0  startup_lpc54606.o(.text)
    SCT0_DriverIRQHandler                    0x00000303   Thumb Code     0  startup_lpc54606.o(.text)
    SDIO_DriverIRQHandler                    0x00000303   Thumb Code     0  startup_lpc54606.o(.text)
    SHA_DriverIRQHandler                     0x00000303   Thumb Code     0  startup_lpc54606.o(.text)
    SMARTCARD0_DriverIRQHandler              0x00000303   Thumb Code     0  startup_lpc54606.o(.text)
    SMARTCARD1_DriverIRQHandler              0x00000303   Thumb Code     0  startup_lpc54606.o(.text)
    SPIFI0_DriverIRQHandler                  0x00000303   Thumb Code     0  startup_lpc54606.o(.text)
    USB0_DriverIRQHandler                    0x00000303   Thumb Code     0  startup_lpc54606.o(.text)
    USB0_NEEDCLK_DriverIRQHandler            0x00000303   Thumb Code     0  startup_lpc54606.o(.text)
    USB1_DriverIRQHandler                    0x00000303   Thumb Code     0  startup_lpc54606.o(.text)
    USB1_NEEDCLK_DriverIRQHandler            0x00000303   Thumb Code     0  startup_lpc54606.o(.text)
    UTICK0_DriverIRQHandler                  0x00000303   Thumb Code     0  startup_lpc54606.o(.text)
    WDT_BOD_DriverIRQHandler                 0x00000303   Thumb Code     0  startup_lpc54606.o(.text)
    __user_initial_stackheap                 0x00000305   Thumb Code     0  startup_lpc54606.o(.text)
    __use_two_region_memory                  0x0000040d   Thumb Code     2  heapauxi.o(.text)
    __rt_heap_escrow$2region                 0x0000040f   Thumb Code     2  heapauxi.o(.text)
    __rt_heap_expand$2region                 0x00000411   Thumb Code     2  heapauxi.o(.text)
    __read_errno                             0x00000413   Thumb Code    10  _rserrno.o(.text)
    __set_errno                              0x0000041d   Thumb Code    12  _rserrno.o(.text)
    __aeabi_errno_addr                       0x00000429   Thumb Code     8  rt_errno_addr_intlibspace.o(.text)
    __errno$intlibspace                      0x00000429   Thumb Code     0  rt_errno_addr_intlibspace.o(.text)
    __rt_errno_addr$intlibspace              0x00000429   Thumb Code     0  rt_errno_addr_intlibspace.o(.text)
    __user_libspace                          0x00000431   Thumb Code     8  libspace.o(.text)
    __user_perproc_libspace                  0x00000431   Thumb Code     0  libspace.o(.text)
    __user_perthread_libspace                0x00000431   Thumb Code     0  libspace.o(.text)
    __user_setup_stackheap                   0x00000439   Thumb Code    74  sys_stackheap_outer.o(.text)
    exit                                     0x00000483   Thumb Code    12  exit.o(.text)
    _sys_exit                                0x00000491   Thumb Code     8  sys_exit.o(.text)
    __I$use$semihosting                      0x0000049d   Thumb Code     0  use_no_semi.o(.text)
    __use_no_semihosting_swi                 0x0000049d   Thumb Code     2  use_no_semi.o(.text)
    __semihosting_library_function           0x0000049f   Thumb Code     0  indicate_semi.o(.text)
    Car_Control                              0x000004a1   Thumb Code   978  car_control.o(i.Car_Control)
    Coordinate_Filter                        0x000008b9   Thumb Code   112  picture_deal.o(i.Coordinate_Filter)
    DMA0_DriverIRQHandler                    0x0000092d   Thumb Code    18  isr.o(i.DMA0_DriverIRQHandler)
    Encoder_Init                             0x00000945   Thumb Code    80  encoder.o(i.Encoder_Init)
    FLEXCOMM0_DriverIRQHandler               0x00000995   Thumb Code    50  isr.o(i.FLEXCOMM0_DriverIRQHandler)
    FLEXCOMM5_DriverIRQHandler               0x000009cd   Thumb Code    58  isr.o(i.FLEXCOMM5_DriverIRQHandler)
    GINT0_DriverIRQHandler                   0x00000a0d   Thumb Code    24  isr.o(i.GINT0_DriverIRQHandler)
    HardFault_Handler                        0x00000a29   Thumb Code     4  system_lpc54606.o(i.HardFault_Handler)
    Judge_distance                           0x00000a2d   Thumb Code   144  picture_deal.o(i.Judge_distance)
    MRT0_DriverIRQHandler                    0x00000ac5   Thumb Code   280  isr.o(i.MRT0_DriverIRQHandler)
    M_divider                                0x00000c1d   Thumb Code    96  lpc546xx_pll.o(i.M_divider)
    McNamm_wheel_control                     0x00000c89   Thumb Code   114  car_control.o(i.McNamm_wheel_control)
    MyOSTU                                   0x00000d11   Thumb Code   296  otsu.o(i.MyOSTU)
    NMI_Handler                              0x00000e41   Thumb Code     2  system_lpc54606.o(i.NMI_Handler)
    N_divider                                0x00000eb1   Thumb Code   106  lpc546xx_pll.o(i.N_divider)
    PID_Control                              0x00000f21   Thumb Code   198  pid.o(i.PID_Control)
    PIN_INT7_DriverIRQHandler                0x00000ff5   Thumb Code     8  isr.o(i.PIN_INT7_DriverIRQHandler)
    P_divider                                0x00000ffd   Thumb Code    94  lpc546xx_pll.o(i.P_divider)
    PaiXu                                    0x00001061   Thumb Code    40  function.o(i.PaiXu)
    Pid_Init                                 0x00001089   Thumb Code   282  pid.o(i.Pid_Init)
    RIT_DriverIRQHandler                     0x000011c5   Thumb Code   182  isr.o(i.RIT_DriverIRQHandler)
    Scan_Point                               0x000012b5   Thumb Code   616  picture_deal.o(i.Scan_Point)
    Speed_Conversion                         0x00001545   Thumb Code   196  car_control.o(i.Speed_Conversion)
    SystemInit                               0x0000160d   Thumb Code   220  system_lpc54606.o(i.SystemInit)
    __hardfp_sqrt                            0x00001701   Thumb Code   122  sqrt.o(i.__hardfp_sqrt)
    camera_init                              0x0000177d   Thumb Code   214  seekfree_mt9v032.o(i.camera_init)
    control                                  0x00001869   Thumb Code   184  main.o(i.control)
    ctimer_clock                             0x00001921   Thumb Code   110  lpc546xx_ctimer.o(i.ctimer_clock)
    ctimer_count_clean                       0x00001999   Thumb Code    24  lpc546xx_ctimer.o(i.ctimer_count_clean)
    ctimer_count_init                        0x000019b5   Thumb Code   162  lpc546xx_ctimer.o(i.ctimer_count_init)
    ctimer_count_read                        0x00001a5d   Thumb Code    22  lpc546xx_ctimer.o(i.ctimer_count_read)
    ctimer_countmux                          0x00001a79   Thumb Code   398  lpc546xx_ctimer.o(i.ctimer_countmux)
    dam_init                                 0x00001c09   Thumb Code   204  lpc546xx_dma.o(i.dam_init)
    dsp_single_colour                        0x00001d55   Thumb Code    48  seekfree_18tft.o(i.dsp_single_colour)
    flexcomm_clk_enable                      0x00001de1   Thumb Code   186  lpc546xx_flexcomm.o(i.flexcomm_clk_enable)
    flexcomm_get_clk                         0x00001eb1   Thumb Code     6  lpc546xx_flexcomm.o(i.flexcomm_get_clk)
    flexcomm_irq                             0x00001ebd   Thumb Code    56  lpc546xx_flexcomm.o(i.flexcomm_irq)
    get_clk                                  0x00001ef5   Thumb Code    84  lpc546xx_pll.o(i.get_clk)
    get_config                               0x00001f51   Thumb Code    96  seekfree_mt9v032.o(i.get_config)
    gpio_get                                 0x00001fbd   Thumb Code    18  lpc546xx_gpio.o(i.gpio_get)
    gpio_init                                0x00001fd5   Thumb Code   182  lpc546xx_gpio.o(i.gpio_init)
    gpio_set                                 0x0000209d   Thumb Code    42  lpc546xx_gpio.o(i.gpio_set)
    gpio_toggle                              0x000020cd   Thumb Code    18  lpc546xx_gpio.o(i.gpio_toggle)
    iocon_init                               0x000020e5   Thumb Code    34  lpc546xx_iocon.o(i.iocon_init)
    lcd_init                                 0x00002111   Thumb Code   680  seekfree_18tft.o(i.lcd_init)
    lcd_setregion                            0x000023bd   Thumb Code    90  seekfree_18tft.o(i.lcd_setregion)
    lcd_writeData                            0x00002417   Thumb Code    32  seekfree_18tft.o(i.lcd_writeData)
    lcd_writeIndex                           0x00002437   Thumb Code    32  seekfree_18tft.o(i.lcd_writeIndex)
    lcd_writedata_16bit                      0x00002457   Thumb Code    46  seekfree_18tft.o(i.lcd_writedata_16bit)
    limit_s16                                0x00002485   Thumb Code    16  function.o(i.limit_s16)
    main                                     0x00002495   Thumb Code   128  main.o(i.main)
    mt9v032_cof_uart_interrupt               0x00002529   Thumb Code    68  seekfree_mt9v032.o(i.mt9v032_cof_uart_interrupt)
    mt9v032_dma                              0x00002579   Thumb Code    66  seekfree_mt9v032.o(i.mt9v032_dma)
    mt9v032_vsync                            0x000025d5   Thumb Code    68  seekfree_mt9v032.o(i.mt9v032_vsync)
    myabs                                    0x0000262d   Thumb Code    14  seekfree_fun.o(i.myabs)
    pint_init                                0x0000263d   Thumb Code   242  lpc546xx_pint.o(i.pint_init)
    pit_init                                 0x00002739   Thumb Code    50  lpc546xx_pit.o(i.pit_init)
    pll_init                                 0x00002879   Thumb Code   112  lpc546xx_pll.o(i.pll_init)
    pwm_init                                 0x00002901   Thumb Code    84  main.o(i.pwm_init)
    sct_camera_dma                           0x00002955   Thumb Code   148  lpc546xx_sct.o(i.sct_camera_dma)
    sct_input_mux                            0x000029f9   Thumb Code   458  lpc546xx_sct.o(i.sct_input_mux)
    sct_pwm_duty                             0x00002bcd   Thumb Code    96  lpc546xx_sct.o(i.sct_pwm_duty)
    sct_pwm_init                             0x00002c3d   Thumb Code   372  lpc546xx_sct.o(i.sct_pwm_init)
    sct_pwm_mux                              0x00002dd5   Thumb Code   458  lpc546xx_sct.o(i.sct_pwm_mux)
    sct_restart                              0x00002fa1   Thumb Code    34  lpc546xx_sct.o(i.sct_restart)
    sct_start                                0x00002fc9   Thumb Code    24  lpc546xx_sct.o(i.sct_start)
    speed_get                                0x00002fe5   Thumb Code   172  encoder.o(i.speed_get)
    spi_init                                 0x000030a1   Thumb Code   194  lpc546xx_spi.o(i.spi_init)
    spi_mosi                                 0x00003169   Thumb Code   302  lpc546xx_spi.o(i.spi_mosi)
    spi_mux                                  0x0000329d   Thumb Code  1278  lpc546xx_spi.o(i.spi_mux)
    systick_delay                            0x0000379b   Thumb Code    44  lpc546xx_systick.o(i.systick_delay)
    systick_delay_ms                         0x000037c9   Thumb Code    32  lpc546xx_systick.o(i.systick_delay_ms)
    uart_init                                0x000037ed   Thumb Code   268  lpc546xx_uart.o(i.uart_init)
    uart_mux                                 0x000038fd   Thumb Code   552  lpc546xx_uart.o(i.uart_mux)
    uart_putbuff                             0x00003b25   Thumb Code    30  lpc546xx_uart.o(i.uart_putbuff)
    uart_putchar                             0x00003b45   Thumb Code    32  lpc546xx_uart.o(i.uart_putchar)
    uart_query                               0x00003b69   Thumb Code    38  lpc546xx_uart.o(i.uart_query)
    uart_rx_irq                              0x00003b95   Thumb Code   116  lpc546xx_uart.o(i.uart_rx_irq)
    write_syspllctrl                         0x00003c0d   Thumb Code   120  lpc546xx_pll.o(i.write_syspllctrl)
    __aeabi_d2f                              0x00003c89   Thumb Code     0  d2f.o(x$fpl$d2f)
    _d2f                                     0x00003c89   Thumb Code    98  d2f.o(x$fpl$d2f)
    __aeabi_d2uiz                            0x00003ced   Thumb Code     0  dfixu.o(x$fpl$dfixu)
    _dfixu                                   0x00003ced   Thumb Code    90  dfixu.o(x$fpl$dfixu)
    __aeabi_i2d                              0x00003d47   Thumb Code     0  dflt_clz.o(x$fpl$dflt)
    _dflt                                    0x00003d47   Thumb Code    46  dflt_clz.o(x$fpl$dflt)
    __aeabi_ui2d                             0x00003d75   Thumb Code     0  dflt_clz.o(x$fpl$dfltu)
    _dfltu                                   0x00003d75   Thumb Code    38  dflt_clz.o(x$fpl$dfltu)
    __aeabi_dmul                             0x00003d9d   Thumb Code     0  dmul.o(x$fpl$dmul)
    _dmul                                    0x00003d9d   Thumb Code   332  dmul.o(x$fpl$dmul)
    __fpl_dnaninf                            0x00003ef1   Thumb Code   156  dnaninf.o(x$fpl$dnaninf)
    __fpl_dretinf                            0x00003f8d   Thumb Code    12  dretinf.o(x$fpl$dretinf)
    _dsqrt                                   0x00003f99   Thumb Code   404  dsqrt_umaal.o(x$fpl$dsqrt)
    _fp_init                                 0x00004131   Thumb Code    10  fpinit.o(x$fpl$fpinit)
    __fplib_config_fpu_vfp                   0x00004139   Thumb Code     0  fpinit.o(x$fpl$fpinit)
    __fplib_config_pureend_doubles           0x00004139   Thumb Code     0  fpinit.o(x$fpl$fpinit)
    __fpl_fretinf                            0x0000413b   Thumb Code    10  fretinf.o(x$fpl$fretinf)
    __I$use$fp                               0x00004144   Number         0  usenofp.o(x$fpl$usenofp)
    sct_duty_max                             0x00004144   Data          40  lpc546xx_sct.o(.constdata)
    Region$$Table$$Base                      0x0000416c   Number         0  anon$$obj.o(Region$$Table)
    Region$$Table$$Limit                     0x0000418c   Number         0  anon$$obj.o(Region$$Table)
    TIMERN                                   0x20000000   Data          20  lpc546xx_ctimer.o(.data)
    FLEXCOMMN                                0x20000014   Data          40  lpc546xx_flexcomm.o(.data)
    main_clk_mhz                             0x2000003c   Data           2  lpc546xx_pll.o(.data)
    SPIN                                     0x20000040   Data          40  lpc546xx_spi.o(.data)
    UARTN                                    0x20000068   Data          40  lpc546xx_uart.o(.data)
    threshold                                0x20000094   Data           4  main.o(.data)
    min_gray                                 0x20000098   Data           1  main.o(.data)
    flag2                                    0x2000009c   Data           4  main.o(.data)
    flag1                                    0x200000a0   Data           4  main.o(.data)
    num                                      0x200000a4   Data           4  main.o(.data)
    x_x                                      0x200000a8   Data           2  main.o(.data)
    receive                                  0x200000aa   Data           3  seekfree_mt9v032.o(.data)
    receive_num                              0x200000ad   Data           1  seekfree_mt9v032.o(.data)
    uart_receive_flag                        0x200000ae   Data           1  seekfree_mt9v032.o(.data)
    MT9V032_CFG                              0x200000b0   Data          36  seekfree_mt9v032.o(.data)
    GET_CFG                                  0x200000d4   Data          32  seekfree_mt9v032.o(.data)
    mt9v032_now_row                          0x200000f4   Data           2  seekfree_mt9v032.o(.data)
    mt9v032_finish_flag                      0x200000f6   Data           1  seekfree_mt9v032.o(.data)
    beacon_x                                 0x200000f8   Data           2  picture_deal.o(.data)
    beacon_y                                 0x200000fa   Data           2  picture_deal.o(.data)
    twinkle_delay                            0x200000fc   Data           2  picture_deal.o(.data)
    total_count                              0x200000fe   Data           2  picture_deal.o(.data)
    Left_rear_speed                          0x20000104   Data           2  encoder.o(.data)
    Left_front_speed                         0x20000106   Data           2  encoder.o(.data)
    Right_front_speed                        0x20000108   Data           2  encoder.o(.data)
    Right_rear_speed                         0x2000010a   Data           2  encoder.o(.data)
    Move_Z                                   0x2000010c   Data           4  pid.o(.data)
    KP                                       0x20000110   Data           4  pid.o(.data)
    KD                                       0x20000114   Data           4  pid.o(.data)
    P                                        0x20000118   Data           4  pid.o(.data)
    I                                        0x2000011c   Data           4  pid.o(.data)
    D                                        0x20000120   Data           4  pid.o(.data)
    avoid_x                                  0x2000012c   Data           1  car_control.o(.data)
    avoid_y                                  0x2000012d   Data           1  car_control.o(.data)
    basic_speed                              0x2000012e   Data           1  car_control.o(.data)
    set_speed_l                              0x2000012f   Data           1  car_control.o(.data)
    set_speed_s                              0x20000130   Data           4  car_control.o(.data)
    Rotate_speed                             0x20000134   Data           1  car_control.o(.data)
    excursion_x                              0x20000136   Data           2  car_control.o(.data)
    excursion_y                              0x20000138   Data           2  car_control.o(.data)
    No_Barrier_flag                          0x2000013a   Data           1  car_control.o(.data)
    excursion_flag                           0x2000013b   Data           1  car_control.o(.data)
    state_flag                               0x2000013c   Data           1  car_control.o(.data)
    delay_flag                               0x2000013d   Data           1  car_control.o(.data)
    Barrier_flag                             0x2000013e   Data           1  car_control.o(.data)
    force_left                               0x2000013f   Data           1  car_control.o(.data)
    force_right                              0x20000140   Data           1  car_control.o(.data)
    Left_front_goalspeed                     0x20000142   Data           2  car_control.o(.data)
    Right_front_goalspeed                    0x20000144   Data           2  car_control.o(.data)
    Left_rear_goalspeed                      0x20000146   Data           2  car_control.o(.data)
    Right_rear_goalspeed                     0x20000148   Data           2  car_control.o(.data)
    s_dma_descriptor_table                   0x20000200   Data         480  lpc546xx_dma.o(.bss)
    image                                    0x200003e0   Data        7680  seekfree_mt9v032.o(.bss)
    pixel                                    0x200021e0   Data        1024  otsu.o(.bss)
    X1                                       0x200025e0   Data         296  picture_deal.o(.bss)
    Y1                                       0x20002708   Data         296  picture_deal.o(.bss)
    pid_left_front                           0x20002844   Data          28  pid.o(.bss)
    pid_right_front                          0x20002860   Data          28  pid.o(.bss)
    pid_left_rear                            0x2000287c   Data          28  pid.o(.bss)
    pid_right_rear                           0x20002898   Data          28  pid.o(.bss)
    __libspace_start                         0x200028b4   Data          96  libspace.o(.bss)
    __temporary_stack_top$libspace           0x20002914   Data           0  libspace.o(.bss)



==============================================================================

Memory Map of the image

  Image Entry point : 0x00000125

  Load Region LR_IROM1 (Base: 0x00000000, Size: 0x000042d8, Max: 0x00080000, ABSOLUTE, COMPRESSED[0x00004208])

    Execution Region ER_IROM1 (Base: 0x00000000, Size: 0x0000418c, Max: 0x00080000, ABSOLUTE)

    Base Addr    Size         Type   Attr      Idx    E Section Name        Object

    0x00000000   0x00000124   Data   RO            3    RESET               startup_lpc54606.o
    0x00000124   0x00000008   Code   RO         2422  * !!!main             c_w.l(__main.o)
    0x0000012c   0x00000034   Code   RO         2710    !!!scatter          c_w.l(__scatter.o)
    0x00000160   0x0000005a   Code   RO         2708    !!dczerorl2         c_w.l(__dczerorl2.o)
    0x000001ba   0x00000002   PAD
    0x000001bc   0x0000001c   Code   RO         2712    !!handler_zi        c_w.l(__scatter_zi.o)
    0x000001d8   0x00000002   Code   RO         2578    .ARM.Collect$$libinit$$00000000  c_w.l(libinit.o)
    0x000001da   0x00000004   Code   RO         2579    .ARM.Collect$$libinit$$00000001  c_w.l(libinit2.o)
    0x000001de   0x00000000   Code   RO         2582    .ARM.Collect$$libinit$$00000004  c_w.l(libinit2.o)
    0x000001de   0x00000000   Code   RO         2585    .ARM.Collect$$libinit$$0000000A  c_w.l(libinit2.o)
    0x000001de   0x00000000   Code   RO         2587    .ARM.Collect$$libinit$$0000000C  c_w.l(libinit2.o)
    0x000001de   0x00000000   Code   RO         2589    .ARM.Collect$$libinit$$0000000E  c_w.l(libinit2.o)
    0x000001de   0x00000000   Code   RO         2592    .ARM.Collect$$libinit$$00000011  c_w.l(libinit2.o)
    0x000001de   0x00000000   Code   RO         2594    .ARM.Collect$$libinit$$00000013  c_w.l(libinit2.o)
    0x000001de   0x00000000   Code   RO         2596    .ARM.Collect$$libinit$$00000015  c_w.l(libinit2.o)
    0x000001de   0x00000000   Code   RO         2598    .ARM.Collect$$libinit$$00000017  c_w.l(libinit2.o)
    0x000001de   0x00000000   Code   RO         2600    .ARM.Collect$$libinit$$00000019  c_w.l(libinit2.o)
    0x000001de   0x00000000   Code   RO         2602    .ARM.Collect$$libinit$$0000001B  c_w.l(libinit2.o)
    0x000001de   0x00000000   Code   RO         2604    .ARM.Collect$$libinit$$0000001D  c_w.l(libinit2.o)
    0x000001de   0x00000000   Code   RO         2606    .ARM.Collect$$libinit$$0000001F  c_w.l(libinit2.o)
    0x000001de   0x00000000   Code   RO         2608    .ARM.Collect$$libinit$$00000021  c_w.l(libinit2.o)
    0x000001de   0x00000000   Code   RO         2610    .ARM.Collect$$libinit$$00000023  c_w.l(libinit2.o)
    0x000001de   0x00000000   Code   RO         2612    .ARM.Collect$$libinit$$00000025  c_w.l(libinit2.o)
    0x000001de   0x00000000   Code   RO         2616    .ARM.Collect$$libinit$$0000002C  c_w.l(libinit2.o)
    0x000001de   0x00000000   Code   RO         2618    .ARM.Collect$$libinit$$0000002E  c_w.l(libinit2.o)
    0x000001de   0x00000000   Code   RO         2620    .ARM.Collect$$libinit$$00000030  c_w.l(libinit2.o)
    0x000001de   0x00000000   Code   RO         2622    .ARM.Collect$$libinit$$00000032  c_w.l(libinit2.o)
    0x000001de   0x00000002   Code   RO         2623    .ARM.Collect$$libinit$$00000033  c_w.l(libinit2.o)
    0x000001e0   0x00000002   Code   RO         2667    .ARM.Collect$$libshutdown$$00000000  c_w.l(libshutdown.o)
    0x000001e2   0x00000000   Code   RO         2679    .ARM.Collect$$libshutdown$$00000003  c_w.l(libshutdown2.o)
    0x000001e2   0x00000000   Code   RO         2682    .ARM.Collect$$libshutdown$$00000006  c_w.l(libshutdown2.o)
    0x000001e2   0x00000000   Code   RO         2685    .ARM.Collect$$libshutdown$$00000009  c_w.l(libshutdown2.o)
    0x000001e2   0x00000000   Code   RO         2687    .ARM.Collect$$libshutdown$$0000000B  c_w.l(libshutdown2.o)
    0x000001e2   0x00000000   Code   RO         2690    .ARM.Collect$$libshutdown$$0000000E  c_w.l(libshutdown2.o)
    0x000001e2   0x00000002   Code   RO         2691    .ARM.Collect$$libshutdown$$0000000F  c_w.l(libshutdown2.o)
    0x000001e4   0x00000000   Code   RO         2468    .ARM.Collect$$rtentry$$00000000  c_w.l(__rtentry.o)
    0x000001e4   0x00000000   Code   RO         2496    .ARM.Collect$$rtentry$$00000002  c_w.l(__rtentry2.o)
    0x000001e4   0x00000006   Code   RO         2508    .ARM.Collect$$rtentry$$00000004  c_w.l(__rtentry4.o)
    0x000001ea   0x00000000   Code   RO         2498    .ARM.Collect$$rtentry$$00000009  c_w.l(__rtentry2.o)
    0x000001ea   0x00000004   Code   RO         2499    .ARM.Collect$$rtentry$$0000000A  c_w.l(__rtentry2.o)
    0x000001ee   0x00000000   Code   RO         2501    .ARM.Collect$$rtentry$$0000000C  c_w.l(__rtentry2.o)
    0x000001ee   0x00000008   Code   RO         2502    .ARM.Collect$$rtentry$$0000000D  c_w.l(__rtentry2.o)
    0x000001f6   0x00000002   Code   RO         2624    .ARM.Collect$$rtexit$$00000000  c_w.l(rtexit.o)
    0x000001f8   0x00000000   Code   RO         2635    .ARM.Collect$$rtexit$$00000002  c_w.l(rtexit2.o)
    0x000001f8   0x00000004   Code   RO         2636    .ARM.Collect$$rtexit$$00000003  c_w.l(rtexit2.o)
    0x000001fc   0x00000006   Code   RO         2637    .ARM.Collect$$rtexit$$00000004  c_w.l(rtexit2.o)
    0x00000202   0x00000002   PAD
    0x00000204   0x00000208   Code   RO            4    .text               startup_lpc54606.o
    0x0000040c   0x00000006   Code   RO         2420    .text               c_w.l(heapauxi.o)
    0x00000412   0x00000016   Code   RO         2471    .text               c_w.l(_rserrno.o)
    0x00000428   0x00000008   Code   RO         2522    .text               c_w.l(rt_errno_addr_intlibspace.o)
    0x00000430   0x00000008   Code   RO         2562    .text               c_w.l(libspace.o)
    0x00000438   0x0000004a   Code   RO         2565    .text               c_w.l(sys_stackheap_outer.o)
    0x00000482   0x0000000c   Code   RO         2569    .text               c_w.l(exit.o)
    0x0000048e   0x00000002   PAD
    0x00000490   0x0000000c   Code   RO         2653    .text               c_w.l(sys_exit.o)
    0x0000049c   0x00000002   Code   RO         2670    .text               c_w.l(use_no_semi.o)
    0x0000049e   0x00000000   Code   RO         2672    .text               c_w.l(indicate_semi.o)
    0x0000049e   0x00000002   PAD
    0x000004a0   0x00000418   Code   RO         2348    i.Car_Control       car_control.o
    0x000008b8   0x00000074   Code   RO         2197    i.Coordinate_Filter  picture_deal.o
    0x0000092c   0x00000018   Code   RO         1074    i.DMA0_DriverIRQHandler  isr.o
    0x00000944   0x00000050   Code   RO         2275    i.Encoder_Init      encoder.o
    0x00000994   0x00000038   Code   RO         1075    i.FLEXCOMM0_DriverIRQHandler  isr.o
    0x000009cc   0x00000040   Code   RO         1076    i.FLEXCOMM5_DriverIRQHandler  isr.o
    0x00000a0c   0x0000001c   Code   RO         1077    i.GINT0_DriverIRQHandler  isr.o
    0x00000a28   0x00000004   Code   RO           12    i.HardFault_Handler  system_lpc54606.o
    0x00000a2c   0x00000098   Code   RO         2198    i.Judge_distance    picture_deal.o
    0x00000ac4   0x00000158   Code   RO         1078    i.MRT0_DriverIRQHandler  isr.o
    0x00000c1c   0x0000006c   Code   RO          618    i.M_divider         lpc546xx_pll.o
    0x00000c88   0x00000088   Code   RO         2349    i.McNamm_wheel_control  car_control.o
    0x00000d10   0x00000130   Code   RO         2174    i.MyOSTU            otsu.o
    0x00000e40   0x00000002   Code   RO           13    i.NMI_Handler       system_lpc54606.o
    0x00000e42   0x00000002   PAD
    0x00000e44   0x00000018   Code   RO          286    i.NVIC_DisableIRQ   lpc546xx_flexcomm.o
    0x00000e5c   0x00000016   Code   RO          287    i.NVIC_EnableIRQ    lpc546xx_flexcomm.o
    0x00000e72   0x00000016   Code   RO         1745    i.NVIC_EnableIRQ    seekfree_mt9v032.o
    0x00000e88   0x00000028   Code   RO         1746    i.NVIC_SetPriority  seekfree_mt9v032.o
    0x00000eb0   0x00000070   Code   RO          619    i.N_divider         lpc546xx_pll.o
    0x00000f20   0x000000d4   Code   RO         2312    i.PID_Control       pid.o
    0x00000ff4   0x00000008   Code   RO         1079    i.PIN_INT7_DriverIRQHandler  isr.o
    0x00000ffc   0x00000064   Code   RO          620    i.P_divider         lpc546xx_pll.o
    0x00001060   0x00000028   Code   RO         2237    i.PaiXu             function.o
    0x00001088   0x0000013c   Code   RO         2313    i.Pid_Init          pid.o
    0x000011c4   0x000000f0   Code   RO         1080    i.RIT_DriverIRQHandler  isr.o
    0x000012b4   0x00000290   Code   RO         2199    i.Scan_Point        picture_deal.o
    0x00001544   0x000000c8   Code   RO         2350    i.Speed_Conversion  car_control.o
    0x0000160c   0x000000f4   Code   RO           14    i.SystemInit        system_lpc54606.o
    0x00001700   0x0000007a   Code   RO         2456    i.__hardfp_sqrt     m_wm.l(sqrt.o)
    0x0000177a   0x00000002   PAD
    0x0000177c   0x000000ec   Code   RO         1747    i.camera_init       seekfree_mt9v032.o
    0x00001868   0x000000b8   Code   RO         1205    i.control           main.o
    0x00001920   0x00000078   Code   RO          144    i.ctimer_clock      lpc546xx_ctimer.o
    0x00001998   0x0000001c   Code   RO          145    i.ctimer_count_clean  lpc546xx_ctimer.o
    0x000019b4   0x000000a8   Code   RO          146    i.ctimer_count_init  lpc546xx_ctimer.o
    0x00001a5c   0x0000001c   Code   RO          147    i.ctimer_count_read  lpc546xx_ctimer.o
    0x00001a78   0x0000018e   Code   RO          148    i.ctimer_countmux   lpc546xx_ctimer.o
    0x00001c06   0x00000002   PAD
    0x00001c08   0x000000e8   Code   RO          219    i.dam_init          lpc546xx_dma.o
    0x00001cf0   0x00000064   Code   RO         1748    i.dma_reload        seekfree_mt9v032.o
    0x00001d54   0x00000030   Code   RO         1241    i.dsp_single_colour  seekfree_18tft.o
    0x00001d84   0x0000001a   Code   RO          621    i.findPllMMult      lpc546xx_pll.o
    0x00001d9e   0x00000020   Code   RO          622    i.findPllPostDiv    lpc546xx_pll.o
    0x00001dbe   0x00000020   Code   RO          623    i.findPllPreDiv     lpc546xx_pll.o
    0x00001dde   0x00000002   PAD
    0x00001de0   0x000000d0   Code   RO          288    i.flexcomm_clk_enable  lpc546xx_flexcomm.o
    0x00001eb0   0x0000000c   Code   RO          289    i.flexcomm_get_clk  lpc546xx_flexcomm.o
    0x00001ebc   0x00000038   Code   RO          290    i.flexcomm_irq      lpc546xx_flexcomm.o
    0x00001ef4   0x0000005c   Code   RO          624    i.get_clk           lpc546xx_pll.o
    0x00001f50   0x0000006c   Code   RO         1749    i.get_config        seekfree_mt9v032.o
    0x00001fbc   0x00000018   Code   RO          387    i.gpio_get          lpc546xx_gpio.o
    0x00001fd4   0x000000c8   Code   RO          388    i.gpio_init         lpc546xx_gpio.o
    0x0000209c   0x00000030   Code   RO          390    i.gpio_set          lpc546xx_gpio.o
    0x000020cc   0x00000018   Code   RO          391    i.gpio_toggle       lpc546xx_gpio.o
    0x000020e4   0x0000002c   Code   RO          486    i.iocon_init        lpc546xx_iocon.o
    0x00002110   0x000002ac   Code   RO         1247    i.lcd_init          seekfree_18tft.o
    0x000023bc   0x0000005a   Code   RO         1248    i.lcd_setregion     seekfree_18tft.o
    0x00002416   0x00000020   Code   RO         1257    i.lcd_writeData     seekfree_18tft.o
    0x00002436   0x00000020   Code   RO         1258    i.lcd_writeIndex    seekfree_18tft.o
    0x00002456   0x0000002e   Code   RO         1259    i.lcd_writedata_16bit  seekfree_18tft.o
    0x00002484   0x00000010   Code   RO         2239    i.limit_s16         function.o
    0x00002494   0x00000094   Code   RO         1206    i.main              main.o
    0x00002528   0x00000050   Code   RO         1751    i.mt9v032_cof_uart_interrupt  seekfree_mt9v032.o
    0x00002578   0x0000005c   Code   RO         1752    i.mt9v032_dma       seekfree_mt9v032.o
    0x000025d4   0x00000058   Code   RO         1753    i.mt9v032_vsync     seekfree_mt9v032.o
    0x0000262c   0x0000000e   Code   RO         1484    i.myabs             seekfree_fun.o
    0x0000263a   0x00000002   PAD
    0x0000263c   0x000000fc   Code   RO          517    i.pint_init         lpc546xx_pint.o
    0x00002738   0x0000003c   Code   RO          565    i.pit_init          lpc546xx_pit.o
    0x00002774   0x0000005a   Code   RO          625    i.pllDecodeM        lpc546xx_pll.o
    0x000027ce   0x0000005c   Code   RO          626    i.pllDecodeN        lpc546xx_pll.o
    0x0000282a   0x0000004e   Code   RO          627    i.pllDecodeP        lpc546xx_pll.o
    0x00002878   0x00000088   Code   RO          628    i.pll_init          lpc546xx_pll.o
    0x00002900   0x00000054   Code   RO         1207    i.pwm_init          main.o
    0x00002954   0x000000a4   Code   RO          704    i.sct_camera_dma    lpc546xx_sct.o
    0x000029f8   0x000001d4   Code   RO          705    i.sct_input_mux     lpc546xx_sct.o
    0x00002bcc   0x00000070   Code   RO          706    i.sct_pwm_duty      lpc546xx_sct.o
    0x00002c3c   0x00000198   Code   RO          707    i.sct_pwm_init      lpc546xx_sct.o
    0x00002dd4   0x000001ca   Code   RO          708    i.sct_pwm_mux       lpc546xx_sct.o
    0x00002f9e   0x00000002   PAD
    0x00002fa0   0x00000028   Code   RO          709    i.sct_restart       lpc546xx_sct.o
    0x00002fc8   0x0000001c   Code   RO          710    i.sct_start         lpc546xx_sct.o
    0x00002fe4   0x000000bc   Code   RO         2277    i.speed_get         encoder.o
    0x000030a0   0x000000c8   Code   RO          769    i.spi_init          lpc546xx_spi.o
    0x00003168   0x00000134   Code   RO          770    i.spi_mosi          lpc546xx_spi.o
    0x0000329c   0x000004fe   Code   RO          772    i.spi_mux           lpc546xx_spi.o
    0x0000379a   0x0000002c   Code   RO          813    i.systick_delay     lpc546xx_systick.o
    0x000037c6   0x00000002   PAD
    0x000037c8   0x00000024   Code   RO          814    i.systick_delay_ms  lpc546xx_systick.o
    0x000037ec   0x00000110   Code   RO          852    i.uart_init         lpc546xx_uart.o
    0x000038fc   0x00000228   Code   RO          853    i.uart_mux          lpc546xx_uart.o
    0x00003b24   0x0000001e   Code   RO          854    i.uart_putbuff      lpc546xx_uart.o
    0x00003b42   0x00000002   PAD
    0x00003b44   0x00000024   Code   RO          855    i.uart_putchar      lpc546xx_uart.o
    0x00003b68   0x0000002c   Code   RO          857    i.uart_query        lpc546xx_uart.o
    0x00003b94   0x00000078   Code   RO          858    i.uart_rx_irq       lpc546xx_uart.o
    0x00003c0c   0x0000007c   Code   RO          629    i.write_syspllctrl  lpc546xx_pll.o
    0x00003c88   0x00000062   Code   RO         2424    x$fpl$d2f           fz_wm.l(d2f.o)
    0x00003cea   0x00000002   PAD
    0x00003cec   0x0000005a   Code   RO         2438    x$fpl$dfixu         fz_wm.l(dfixu.o)
    0x00003d46   0x0000002e   Code   RO         2443    x$fpl$dflt          fz_wm.l(dflt_clz.o)
    0x00003d74   0x00000026   Code   RO         2442    x$fpl$dfltu         fz_wm.l(dflt_clz.o)
    0x00003d9a   0x00000002   PAD
    0x00003d9c   0x00000154   Code   RO         2450    x$fpl$dmul          fz_wm.l(dmul.o)
    0x00003ef0   0x0000009c   Code   RO         2486    x$fpl$dnaninf       fz_wm.l(dnaninf.o)
    0x00003f8c   0x0000000c   Code   RO         2488    x$fpl$dretinf       fz_wm.l(dretinf.o)
    0x00003f98   0x00000198   Code   RO         2490    x$fpl$dsqrt         fz_wm.l(dsqrt_umaal.o)
    0x00004130   0x0000000a   Code   RO         2632    x$fpl$fpinit        fz_wm.l(fpinit.o)
    0x0000413a   0x0000000a   Code   RO         2492    x$fpl$fretinf       fz_wm.l(fretinf.o)
    0x00004144   0x00000000   Code   RO         2494    x$fpl$usenofp       fz_wm.l(usenofp.o)
    0x00004144   0x00000028   Data   RO          712    .constdata          lpc546xx_sct.o
    0x0000416c   0x00000020   Data   RO         2706    Region$$Table       anon$$obj.o


    Execution Region RW_IRAM1 (Base: 0x20000000, Size: 0x00005918, Max: 0x00028000, ABSOLUTE, COMPRESSED[0x0000007c])

    Base Addr    Size         Type   Attr      Idx    E Section Name        Object

    0x20000000   0x00000014   Data   RW          154    .data               lpc546xx_ctimer.o
    0x20000014   0x00000028   Data   RW          291    .data               lpc546xx_flexcomm.o
    0x2000003c   0x00000002   Data   RW          630    .data               lpc546xx_pll.o
    0x2000003e   0x00000002   PAD
    0x20000040   0x00000028   Data   RW          773    .data               lpc546xx_spi.o
    0x20000068   0x00000028   Data   RW          860    .data               lpc546xx_uart.o
    0x20000090   0x00000004   Data   RW         1081    .data               isr.o
    0x20000094   0x00000016   Data   RW         1208    .data               main.o
    0x200000aa   0x0000004d   Data   RW         1758    .data               seekfree_mt9v032.o
    0x200000f7   0x00000001   PAD
    0x200000f8   0x0000000c   Data   RW         2201    .data               picture_deal.o
    0x20000104   0x00000008   Data   RW         2279    .data               encoder.o
    0x2000010c   0x00000020   Data   RW         2315    .data               pid.o
    0x2000012c   0x0000001e   Data   RW         2352    .data               car_control.o
    0x2000014a   0x000000b6   PAD
    0x20000200   0x000001e0   Zero   RW          220    .bss                lpc546xx_dma.o
    0x200003e0   0x00001e00   Zero   RW         1757    .bss                seekfree_mt9v032.o
    0x200021e0   0x00000400   Zero   RW         2175    .bss                otsu.o
    0x200025e0   0x00000262   Zero   RW         2200    .bss                picture_deal.o
    0x20002842   0x00000002   PAD
    0x20002844   0x00000070   Zero   RW         2314    .bss                pid.o
    0x200028b4   0x00000060   Zero   RW         2563    .bss                c_w.l(libspace.o)
    0x20002914   0x00000004   PAD
    0x20002918   0x00001000   Zero   RW            2    HEAP                startup_lpc54606.o
    0x20003918   0x00002000   Zero   RW            1    STACK               startup_lpc54606.o


==============================================================================

Image component sizes


      Code (inc. data)   RO Data    RW Data    ZI Data      Debug   Object Name

      1384        104          0         30          0       4290   car_control.o
       268         16          0          8          0       1537   encoder.o
        56          0          0          0          0       1300   function.o
       764        144          0          4          0       5350   isr.o
       742         38          0         20          0       6062   lpc546xx_ctimer.o
       232         28          0          0        480       5724   lpc546xx_dma.o
       322         34          0         40          0      30699   lpc546xx_flexcomm.o
       296         36          0          0          0       2580   lpc546xx_gpio.o
        44         10          0          0          0        649   lpc546xx_iocon.o
       252         10          0          0          0        784   lpc546xx_pint.o
        60         10          0          0          0        707   lpc546xx_pit.o
      1022         60          0          2          0       8283   lpc546xx_pll.o
      1678        106         40          0          0       6310   lpc546xx_sct.o
      1786         22          0         40          0       6271   lpc546xx_spi.o
        80          4          0          0          0       1187   lpc546xx_systick.o
      1054         28          0         40          0       5488   lpc546xx_uart.o
       416         20          0         22          0       2273   main.o
       304          8          0          0       1024       1685   otsu.o
       924         52          0         12        610       3646   picture_deal.o
       528         48          0         32        112       2806   pid.o
       932          4          0          0          0       4158   seekfree_18tft.o
         0          0          0          0          0      27812   seekfree_7725.o
        14          0          0          0          0        592   seekfree_fun.o
       766        116          0         77       7680       6132   seekfree_mt9v032.o
       520        254        292          0      12288       3724   startup_lpc54606.o
       250         24          0          0          0     532739   system_lpc54606.o

    ----------------------------------------------------------------------
     14708       1176        364        332      22376     672788   Object Totals
         0          0         32          0          0          0   (incl. Generated)
        14          0          0          5        182          0   (incl. Padding)

    ----------------------------------------------------------------------

      Code (inc. data)   RO Data    RW Data    ZI Data      Debug   Library Member Name

        90          0          0          0          0          0   __dczerorl2.o
         8          0          0          0          0         68   __main.o
         0          0          0          0          0          0   __rtentry.o
        12          0          0          0          0          0   __rtentry2.o
         6          0          0          0          0          0   __rtentry4.o
        52          8          0          0          0          0   __scatter.o
        28          0          0          0          0          0   __scatter_zi.o
        22          0          0          0          0        100   _rserrno.o
        12          0          0          0          0         72   exit.o
         6          0          0          0          0        152   heapauxi.o
         0          0          0          0          0          0   indicate_semi.o
         2          0          0          0          0          0   libinit.o
         6          0          0          0          0          0   libinit2.o
         2          0          0          0          0          0   libshutdown.o
         2          0          0          0          0          0   libshutdown2.o
         8          4          0          0         96         68   libspace.o
         8          4          0          0          0         68   rt_errno_addr_intlibspace.o
         2          0          0          0          0          0   rtexit.o
        10          0          0          0          0          0   rtexit2.o
        12          4          0          0          0         68   sys_exit.o
        74          0          0          0          0         80   sys_stackheap_outer.o
         2          0          0          0          0         68   use_no_semi.o
        98          4          0          0          0        140   d2f.o
        90          4          0          0          0        140   dfixu.o
        84          0          0          0          0        232   dflt_clz.o
       340         12          0          0          0        152   dmul.o
       156          4          0          0          0        140   dnaninf.o
        12          0          0          0          0        116   dretinf.o
       408         56          0          0          0        168   dsqrt_umaal.o
        10          0          0          0          0        116   fpinit.o
        10          0          0          0          0        116   fretinf.o
         0          0          0          0          0          0   usenofp.o
       122          0          0          0          0        148   sqrt.o

    ----------------------------------------------------------------------
      1708        100          0          0        100       2212   Library Totals
        14          0          0          0          4          0   (incl. Padding)

    ----------------------------------------------------------------------

      Code (inc. data)   RO Data    RW Data    ZI Data      Debug   Library Name

       364         20          0          0         96        744   c_w.l
      1208         80          0          0          0       1320   fz_wm.l
       122          0          0          0          0        148   m_wm.l

    ----------------------------------------------------------------------
      1708        100          0          0        100       2212   Library Totals

    ----------------------------------------------------------------------

==============================================================================


      Code (inc. data)   RO Data    RW Data    ZI Data      Debug   

     16416       1276        364        332      22476     665840   Grand Totals
     16416       1276        364        124      22476     665840   ELF Image Totals (compressed)
     16416       1276        364        124          0          0   ROM Totals

==============================================================================

    Total RO  Size (Code + RO Data)                16780 (  16.39kB)
    Total RW  Size (RW Data + ZI Data)             22808 (  22.27kB)
    Total ROM Size (Code + RO Data + RW Data)      16904 (  16.51kB)

==============================================================================

